#-----------------------------------------------------------
# Vivado v2023.2 (64-bit)
# SW Build 4029153 on Fri Oct 13 20:14:34 MDT 2023
# IP Build 4028589 on Sat Oct 14 00:45:43 MDT 2023
# SharedData Build 4025554 on Tue Oct 10 17:18:54 MDT 2023
# Start of session at: Wed May  7 23:00:52 2025
# Process ID: 24236
# Current directory: C:/Users/fossu/Desktop/ML_DSA_Syn_new/IMP2/MLDSA
# Command line: vivado.exe -gui_launcher_event rodinguilauncherevent25328 C:\Users\fossu\Desktop\ML_DSA_Syn_new\IMP2\MLDSA\MLDSA.xpr
# Log file: C:/Users/fossu/Desktop/ML_DSA_Syn_new/IMP2/MLDSA/vivado.log
# Journal file: C:/Users/fossu/Desktop/ML_DSA_Syn_new/IMP2/MLDSA\vivado.jou
# Running On: DESKTOP-5RUADSS, OS: Windows, CPU Frequency: 3593 MHz, CPU Physical cores: 12, Host memory: 34287 MB
#-----------------------------------------------------------
start_gui
open_project C:/Users/fossu/Desktop/ML_DSA_Syn_new/IMP2/MLDSA/MLDSA.xpr
update_compile_order -fileset sources_1
launch_simulation
open_wave_config C:/Users/fossu/Desktop/ML_DSA_Syn_new/IMP2/MLDSA/MLDSA_tb_behav.wcfg
open_wave_config C:/Users/fossu/Desktop/ML_DSA_Syn_new/IMP2/MLDSA/KeyGen_Stage4.wcfg
open_wave_config C:/Users/fossu/Desktop/ML_DSA_Syn_new/IMP2/MLDSA/KeyGen_Stage5.wcfg
open_wave_config C:/Users/fossu/Desktop/ML_DSA_Syn_new/IMP2/MLDSA/KeyGen_Stage3.wcfg
open_wave_config C:/Users/fossu/Desktop/ML_DSA_Syn_new/IMP2/MLDSA/KeyGen_Stage6.wcfg
open_wave_config C:/Users/fossu/Desktop/ML_DSA_Syn_new/IMP2/MLDSA/KeyGen_Stage8.wcfg
open_wave_config C:/Users/fossu/Desktop/ML_DSA_Syn_new/IMP2/MLDSA/KeyGen_Stage9.wcfg
open_wave_config C:/Users/fossu/Desktop/ML_DSA_Syn_new/IMP2/MLDSA/KeyGen_Stage10.wcfg
open_wave_config C:/Users/fossu/Desktop/ML_DSA_Syn_new/IMP2/MLDSA/test_decoder.wcfg
open_wave_config C:/Users/fossu/Desktop/ML_DSA_Syn_new/IMP2/MLDSA/SignGen_Stage2.wcfg
open_wave_config C:/Users/fossu/Desktop/ML_DSA_Syn_new/IMP2/MLDSA/SignGen_Stage3.wcfg
open_wave_config C:/Users/fossu/Desktop/ML_DSA_Syn_new/IMP2/MLDSA/SignGen_Stage4_1.wcfg
open_wave_config C:/Users/fossu/Desktop/ML_DSA_Syn_new/IMP2/MLDSA/SignGen_Stage6.wcfg
open_wave_config C:/Users/fossu/Desktop/ML_DSA_Syn_new/IMP2/MLDSA/SignGen_Stage7.wcfg
open_wave_config C:/Users/fossu/Desktop/ML_DSA_Syn_new/IMP2/MLDSA/SignGen_Stage8.wcfg
open_wave_config C:/Users/fossu/Desktop/ML_DSA_Syn_new/IMP2/MLDSA/SignGen_Stage9.wcfg
open_wave_config C:/Users/fossu/Desktop/ML_DSA_Syn_new/IMP2/MLDSA/SignGen_Stage10.wcfg
open_wave_config C:/Users/fossu/Desktop/ML_DSA_Syn_new/IMP2/MLDSA/SignGen_Stage11.wcfg
open_wave_config C:/Users/fossu/Desktop/ML_DSA_Syn_new/IMP2/MLDSA/SignGen_Stage12.wcfg
open_wave_config C:/Users/fossu/Desktop/ML_DSA_Syn_new/IMP2/MLDSA/SignGen_Stage13.wcfg
open_wave_config C:/Users/fossu/Desktop/ML_DSA_Syn_new/IMP2/MLDSA/SignGen_Stage14.wcfg
open_wave_config C:/Users/fossu/Desktop/ML_DSA_Syn_new/IMP2/MLDSA/SignGen_Stage15.wcfg
open_wave_config C:/Users/fossu/Desktop/ML_DSA_Syn_new/IMP2/MLDSA/SignGen_Stage16.wcfg
open_wave_config C:/Users/fossu/Desktop/ML_DSA_Syn_new/IMP2/MLDSA/SignGen_Stage17.wcfg
open_wave_config C:/Users/fossu/Desktop/ML_DSA_Syn_new/IMP2/MLDSA/SignGen_Stage18.wcfg
open_wave_config C:/Users/fossu/Desktop/ML_DSA_Syn_new/IMP2/MLDSA/SignGen_rejection.wcfg
open_wave_config C:/Users/fossu/Desktop/ML_DSA_Syn_new/IMP2/MLDSA/SignGen_SendOut.wcfg
source MLDSA_tb.tcl
open_wave_config {C:/Users/fossu/Desktop/ML_DSA_Syn_new/IMP3/MLDSA/KeyGen_Stage4.wcfg}
current_wave_config {KeyGen_Stage4.wcfg}
add_wave {{/MLDSA_tb/uut/data_path_inst/enc_/sec_lvl}} {{/MLDSA_tb/uut/data_path_inst/enc_/encode_mode}} {{/MLDSA_tb/uut/data_path_inst/enc_/valid_i}} {{/MLDSA_tb/uut/data_path_inst/enc_/ready_i}} {{/MLDSA_tb/uut/data_path_inst/enc_/di}} {{/MLDSA_tb/uut/data_path_inst/enc_/dout}} {{/MLDSA_tb/uut/data_path_inst/enc_/valid_o}} {{/MLDSA_tb/uut/data_path_inst/enc_/ready_o}} 
restart
run 20 us
relaunch_sim
run 20 us
run 20 us
run 20 us
run 20 us
run 20 us
open_wave_config {C:/Users/fossu/Desktop/ML_DSA_Syn_new/IMP3/MLDSA/KeyGen_Stage5.wcfg}
restart
run 20 us
run 20 us
run 20 us
current_wave_config {KeyGen_Stage5.wcfg}
add_wave {{/MLDSA_tb/uut/data_path_inst/PWM_/mode}} {{/MLDSA_tb/uut/data_path_inst/PWM_/in_a0}} {{/MLDSA_tb/uut/data_path_inst/PWM_/in_a1}} {{/MLDSA_tb/uut/data_path_inst/PWM_/in_a2}} {{/MLDSA_tb/uut/data_path_inst/PWM_/out_a}} {{/MLDSA_tb/uut/data_path_inst/PWM_/in_b0}} {{/MLDSA_tb/uut/data_path_inst/PWM_/in_b1}} {{/MLDSA_tb/uut/data_path_inst/PWM_/in_b2}} {{/MLDSA_tb/uut/data_path_inst/PWM_/out_b}} 
restart
run 20 us
run 20 us
run 20 us
run 20 us
run 20 us
current_wave_config {KeyGen_Stage5.wcfg}
add_wave {{/MLDSA_tb/uut/data_path_inst/PWM_/mul_a}} {{/MLDSA_tb/uut/data_path_inst/PWM_/mul_b}} {{/MLDSA_tb/uut/data_path_inst/PWM_/mod_mul_a}} {{/MLDSA_tb/uut/data_path_inst/PWM_/mod_mul_b}} {{/MLDSA_tb/uut/data_path_inst/PWM_/mod_in_a}} {{/MLDSA_tb/uut/data_path_inst/PWM_/mod_in_b}} {{/MLDSA_tb/uut/data_path_inst/PWM_/w_a}} {{/MLDSA_tb/uut/data_path_inst/PWM_/w_b}} 
restart
run 20 us
run 20 us
run 20 us
run 20 us
run 20 us
open_wave_config {C:/Users/fossu/Desktop/ML_DSA_Syn_new/IMP3/MLDSA/KeyGen_Stage6.wcfg}
run 20 us
restart
run 20 us
run 20 us
run 20 us
run 20 us
run 20 us
run 20 us
current_wave_config {KeyGen_Stage6.wcfg}
add_wave {{/MLDSA_tb/uut/data_path_inst/NTT_/BU_7/a}} {{/MLDSA_tb/uut/data_path_inst/NTT_/BU_7/b}} {{/MLDSA_tb/uut/data_path_inst/NTT_/BU_7/zeta}} {{/MLDSA_tb/uut/data_path_inst/NTT_/BU_7/out_a}} {{/MLDSA_tb/uut/data_path_inst/NTT_/BU_7/out_b}} 
restart
run 200 us
current_wave_config {KeyGen_Stage6.wcfg}
add_wave {{/MLDSA_tb/uut/data_path_inst/NTT_/out_u_0}} {{/MLDSA_tb/uut/data_path_inst/NTT_/out_d_0}} {{/MLDSA_tb/uut/data_path_inst/NTT_/out_u_1}} {{/MLDSA_tb/uut/data_path_inst/NTT_/out_d_1}} {{/MLDSA_tb/uut/data_path_inst/NTT_/out_u_2}} {{/MLDSA_tb/uut/data_path_inst/NTT_/out_d_2}} {{/MLDSA_tb/uut/data_path_inst/NTT_/out_u_3}} {{/MLDSA_tb/uut/data_path_inst/NTT_/out_d_3}} {{/MLDSA_tb/uut/data_path_inst/NTT_/out_u_4}} {{/MLDSA_tb/uut/data_path_inst/NTT_/out_d_4}} {{/MLDSA_tb/uut/data_path_inst/NTT_/out_u_5}} {{/MLDSA_tb/uut/data_path_inst/NTT_/out_d_5}} {{/MLDSA_tb/uut/data_path_inst/NTT_/out_u_6}} {{/MLDSA_tb/uut/data_path_inst/NTT_/out_d_6}} {{/MLDSA_tb/uut/data_path_inst/NTT_/out_u_7}} {{/MLDSA_tb/uut/data_path_inst/NTT_/out_d_7}} 
restart
run 200 us
open_wave_config {C:/Users/fossu/Desktop/ML_DSA_Syn_new/IMP3/MLDSA/KeyGen_Stage7.wcfg}
restart
run 200 us
open_wave_config {C:/Users/fossu/Desktop/ML_DSA_Syn_new/IMP3/MLDSA/KeyGen_Stage8.wcfg}
restart
run 200 us
restart
run 200 us
current_wave_config {KeyGen_Stage8.wcfg}
add_wave {{/MLDSA_tb/uut/data_path_inst/KK/padder_/in}} {{/MLDSA_tb/uut/data_path_inst/KK/padder_/in_ready}} {{/MLDSA_tb/uut/data_path_inst/KK/padder_/is_last}} {{/MLDSA_tb/uut/data_path_inst/KK/padder_/mode}} {{/MLDSA_tb/uut/data_path_inst/KK/padder_/byte_num}} {{/MLDSA_tb/uut/data_path_inst/KK/padder_/buffer_full}} {{/MLDSA_tb/uut/data_path_inst/KK/padder_/i_last}} {{/MLDSA_tb/uut/data_path_inst/KK/padder_/out}} {{/MLDSA_tb/uut/data_path_inst/KK/padder_/out_ready}} {{/MLDSA_tb/uut/data_path_inst/KK/padder_/f_ack}} {{/MLDSA_tb/uut/data_path_inst/KK/padder_/state}} {{/MLDSA_tb/uut/data_path_inst/KK/padder_/done}} {{/MLDSA_tb/uut/data_path_inst/KK/padder_/i}} 
current_wave_config {KeyGen_Stage8.wcfg}
add_wave {{/MLDSA_tb/uut/data_path_inst/KK/f_permutation_/in}} {{/MLDSA_tb/uut/data_path_inst/KK/f_permutation_/in_ready}} {{/MLDSA_tb/uut/data_path_inst/KK/f_permutation_/squeeze}} {{/MLDSA_tb/uut/data_path_inst/KK/f_permutation_/mode}} {{/MLDSA_tb/uut/data_path_inst/KK/f_permutation_/sha_hold}} {{/MLDSA_tb/uut/data_path_inst/KK/f_permutation_/ack}} {{/MLDSA_tb/uut/data_path_inst/KK/f_permutation_/out}} {{/MLDSA_tb/uut/data_path_inst/KK/f_permutation_/out_ready}} {{/MLDSA_tb/uut/data_path_inst/KK/f_permutation_/i}} {{/MLDSA_tb/uut/data_path_inst/KK/f_permutation_/round_out}} {{/MLDSA_tb/uut/data_path_inst/KK/f_permutation_/rate}} {{/MLDSA_tb/uut/data_path_inst/KK/f_permutation_/rc}} {{/MLDSA_tb/uut/data_path_inst/KK/f_permutation_/update}} {{/MLDSA_tb/uut/data_path_inst/KK/f_permutation_/accept}} {{/MLDSA_tb/uut/data_path_inst/KK/f_permutation_/calc}} {{/MLDSA_tb/uut/data_path_inst/KK/f_permutation_/i_sti_buf}} 
restart
run 200 us
open_wave_config {C:/Users/fossu/Desktop/ML_DSA_Syn_new/IMP3/MLDSA/KeyGen_Stage9.wcfg}
restart
run 200 us
save_wave_config {C:/Users/fossu/Desktop/ML_DSA_Syn_new/IMP3/MLDSA/KeyGen_Stage8.wcfg}
save_wave_config {C:/Users/fossu/Desktop/ML_DSA_Syn_new/IMP3/MLDSA/KeyGen_Stage7.wcfg}
save_wave_config {C:/Users/fossu/Desktop/ML_DSA_Syn_new/IMP3/MLDSA/KeyGen_Stage6.wcfg}
save_wave_config {C:/Users/fossu/Desktop/ML_DSA_Syn_new/IMP3/MLDSA/KeyGen_Stage5.wcfg}
save_wave_config {C:/Users/fossu/Desktop/ML_DSA_Syn_new/IMP3/MLDSA/KeyGen_Stage4.wcfg}
close_sim
