#-----------------------------------------------------------
# Vivado v2023.2 (64-bit)
# SW Build 4029153 on Fri Oct 13 20:14:34 MDT 2023
# IP Build 4028589 on Sat Oct 14 00:45:43 MDT 2023
# SharedData Build 4025554 on Tue Oct 10 17:18:54 MDT 2023
# Start of session at: Wed Feb  5 23:35:15 2025
# Process ID: 832
# Current directory: C:/Users/USER/Desktop/ML_DSA_syn/IMP/NTT/Modular_Reduction/Modular_Reduction.runs/synth_1
# Command line: vivado.exe -log Modular_Reduction.vds -product Vivado -mode batch -messageDb vivado.pb -notrace -source Modular_Reduction.tcl
# Log file: C:/Users/USER/Desktop/ML_DSA_syn/IMP/NTT/Modular_Reduction/Modular_Reduction.runs/synth_1/Modular_Reduction.vds
# Journal file: C:/Users/USER/Desktop/ML_DSA_syn/IMP/NTT/Modular_Reduction/Modular_Reduction.runs/synth_1\vivado.jou
# Running On: LAPTOP-2P71OMBV, OS: Windows, CPU Frequency: 3194 MHz, CPU Physical cores: 16, Host memory: 16542 MB
#-----------------------------------------------------------
source Modular_Reduction.tcl -notrace
