#-----------------------------------------------------------
# Vivado v2023.2 (64-bit)
# SW Build 4029153 on Fri Oct 13 20:14:34 MDT 2023
# IP Build 4028589 on Sat Oct 14 00:45:43 MDT 2023
# SharedData Build 4025554 on Tue Oct 10 17:18:54 MDT 2023
# Start of session at: Tue Jan  7 09:09:28 2025
# Process ID: 16196
# Current directory: C:/Users/fossu/Desktop/ML_DSA_Syn/IMP/SHA3_imp/Keccak_Dilithium
# Command line: vivado.exe -gui_launcher_event rodinguilauncherevent17912 C:\Users\fossu\Desktop\ML_DSA_Syn\IMP\SHA3_imp\Keccak_Dilithium\Keccak_Dilithium.xpr
# Log file: C:/Users/fossu/Desktop/ML_DSA_Syn/IMP/SHA3_imp/Keccak_Dilithium/vivado.log
# Journal file: C:/Users/fossu/Desktop/ML_DSA_Syn/IMP/SHA3_imp/Keccak_Dilithium\vivado.jou
# Running On: DESKTOP-5RUADSS, OS: Windows, CPU Frequency: 3593 MHz, CPU Physical cores: 12, Host memory: 34287 MB
#-----------------------------------------------------------
start_gui
open_project C:/Users/fossu/Desktop/ML_DSA_Syn/IMP/SHA3_imp/Keccak_Dilithium/Keccak_Dilithium.xpr
update_compile_order -fileset sources_1
launch_simulation
open_wave_config C:/Users/fossu/Desktop/ML_DSA_Syn/IMP/SHA3_imp/Keccak_Dilithium/Keccak_Dilithium_tb_behav.wcfg
source Keccak_Dilithium_tb.tcl
relaunch_sim
relaunch_sim
relaunch_sim
current_wave_config {Keccak_Dilithium_tb_behav.wcfg}
add_wave {{/Keccak_Dilithium_tb/uut/f_permutation_/ack}} 
restart
run 1 us
save_wave_config {C:/Users/fossu/Desktop/ML_DSA_Syn/IMP/SHA3_imp/Keccak_Dilithium/Keccak_Dilithium_tb_behav.wcfg}
save_wave_config {C:/Users/fossu/Desktop/ML_DSA_Syn/IMP/SHA3_imp/Keccak_Dilithium/Keccak_Dilithium_tb_behav.wcfg}
save_wave_config {C:/Users/fossu/Desktop/ML_DSA_Syn/IMP/SHA3_imp/Keccak_Dilithium/Keccak_Dilithium_tb_behav.wcfg}
relaunch_sim
relaunch_sim
relaunch_sim
run 1 us
current_wave_config {Keccak_Dilithium_tb_behav.wcfg}
add_wave {{/Keccak_Dilithium_tb/uut/in_squeeze}} 
relaunch_sim
current_wave_config {Keccak_Dilithium_tb_behav.wcfg}
add_wave {{/Keccak_Dilithium_tb/uut/f_permutation_/accept}} 
current_wave_config {Keccak_Dilithium_tb_behav.wcfg}
add_wave {{/Keccak_Dilithium_tb/uut/f_permutation_/update}} 
restart
run 1 us
run 1 us
current_wave_config {Keccak_Dilithium_tb_behav.wcfg}
add_wave {{/Keccak_Dilithium_tb/uut/f_permutation_/calc}} 
restart
run 1 us
relaunch_sim
relaunch_sim
run 1 us
relaunch_sim
save_wave_config {C:/Users/fossu/Desktop/ML_DSA_Syn/IMP/SHA3_imp/Keccak_Dilithium/Keccak_Dilithium_tb_behav.wcfg}
close_sim
