#-----------------------------------------------------------
# Vivado v2023.2 (64-bit)
# SW Build 4029153 on Fri Oct 13 20:14:34 MDT 2023
# IP Build 4028589 on Sat Oct 14 00:45:43 MDT 2023
# SharedData Build 4025554 on Tue Oct 10 17:18:54 MDT 2023
# Start of session at: Mon Mar  3 16:33:20 2025
# Process ID: 8232
# Current directory: C:/Users/USER/Desktop/ML_DSA_syn/IMP/MLDSA
# Command line: vivado.exe -gui_launcher_event rodinguilauncherevent13964 C:\Users\USER\Desktop\ML_DSA_syn\IMP\MLDSA\MLDSA.xpr
# Log file: C:/Users/USER/Desktop/ML_DSA_syn/IMP/MLDSA/vivado.log
# Journal file: C:/Users/USER/Desktop/ML_DSA_syn/IMP/MLDSA\vivado.jou
# Running On: LAPTOP-2P71OMBV, OS: Windows, CPU Frequency: 3194 MHz, CPU Physical cores: 16, Host memory: 16542 MB
#-----------------------------------------------------------
start_gui
open_project C:/Users/USER/Desktop/ML_DSA_syn/IMP/MLDSA/MLDSA.xpr
update_compile_order -fileset sources_1
launch_simulation
launch_simulation
open_wave_config C:/Users/USER/Desktop/ML_DSA_syn/IMP/MLDSA/MLDSA_tb_behav.wcfg
source MLDSA_tb.tcl
current_wave_config {MLDSA_tb_behav.wcfg}
add_wave {{/MLDSA_tb/uut/data_path_inst/NTT_/out_u_0}} {{/MLDSA_tb/uut/data_path_inst/NTT_/out_d_0}} {{/MLDSA_tb/uut/data_path_inst/NTT_/out_u_1}} {{/MLDSA_tb/uut/data_path_inst/NTT_/out_d_1}} {{/MLDSA_tb/uut/data_path_inst/NTT_/out_u_2}} 
restart
run 100 us
run 100 us
current_wave_config {MLDSA_tb_behav.wcfg}
add_wave {{/MLDSA_tb/uut/data_path_inst/NTT_/cnt}} 
restart
run 100 us
run 100 us
relaunch_sim
run 100 us
current_wave_config {MLDSA_tb_behav.wcfg}
add_wave {{/MLDSA_tb/uut/data_path_inst/NTT_/out_u_1}} {{/MLDSA_tb/uut/data_path_inst/NTT_/out_d_1}} 
restart
