#-----------------------------------------------------------
# Vivado v2023.2 (64-bit)
# SW Build 4029153 on Fri Oct 13 20:14:34 MDT 2023
# IP Build 4028589 on Sat Oct 14 00:45:43 MDT 2023
# SharedData Build 4025554 on Tue Oct 10 17:18:54 MDT 2023
# Start of session at: Sat Jan 11 13:57:12 2025
# Process ID: 3496
# Current directory: C:/Users/fossu/Desktop/ML_DSA_Syn/IMP/SHA3_imp/MLDSA
# Command line: vivado.exe -gui_launcher_event rodinguilauncherevent18772 C:\Users\fossu\Desktop\ML_DSA_Syn\IMP\SHA3_imp\MLDSA\MLDSA.xpr
# Log file: C:/Users/fossu/Desktop/ML_DSA_Syn/IMP/SHA3_imp/MLDSA/vivado.log
# Journal file: C:/Users/fossu/Desktop/ML_DSA_Syn/IMP/SHA3_imp/MLDSA\vivado.jou
# Running On: DESKTOP-5RUADSS, OS: Windows, CPU Frequency: 3593 MHz, CPU Physical cores: 12, Host memory: 34287 MB
#-----------------------------------------------------------
start_gui
open_project C:/Users/fossu/Desktop/ML_DSA_Syn/IMP/SHA3_imp/MLDSA/MLDSA.xpr
update_compile_order -fileset sources_1
launch_simulation
launch_simulation
launch_simulation
launch_simulation
open_wave_config C:/Users/fossu/Desktop/ML_DSA_Syn/IMP/SHA3_imp/MLDSA/MLDSA_tb_behav.wcfg
source MLDSA_tb.tcl
run 1 us
relaunch_sim
run 1 us
update_compile_order -fileset sources_1
relaunch_sim
relaunch_sim
relaunch_sim
update_compile_order -fileset sources_1
relaunch_sim
relaunch_sim
run 1 us
current_wave_config {MLDSA_tb_behav.wcfg}
add_wave {{/MLDSA_tb/uut/data_path_inst/Sampler_/sampler_in_ready}} {{/MLDSA_tb/uut/data_path_inst/Sampler_/sampler_in}} 
restart
run 1 us
relaunch_sim
run 1 us
current_wave_config {MLDSA_tb_behav.wcfg}
add_wave {{/MLDSA_tb/uut/controller_inst/sampler_in_ready}} 
restart
run 1 us
run 1 us
relaunch_sim
run 1 us
current_wave_config {MLDSA_tb_behav.wcfg}
add_wave {{/MLDSA_tb/uut/data_path_inst/Sampler_/ExpandS_/sel}} 
restart
run 1 us
relaunch_sim
relaunch_sim
relaunch_sim
relaunch_sim
run 1 us
current_wave_config {MLDSA_tb_behav.wcfg}
add_wave {{/MLDSA_tb/uut/data_path_inst/Sampler_/ExpandS_/curr_state}} 
restart
run 1 us
run 1 us
current_wave_config {MLDSA_tb_behav.wcfg}
add_wave {{/MLDSA_tb/uut/data_path_inst/Sampler_/ExpandS_/j_plus_num}} 
current_wave_config {MLDSA_tb_behav.wcfg}
add_wave {{/MLDSA_tb/uut/data_path_inst/Sampler_/ExpandS_/j}} 
restart
run 1 us
relaunch_sim
current_wave_config {MLDSA_tb_behav.wcfg}
add_wave {{/MLDSA_tb/uut/data_path_inst/Sampler_/ExpandS_/a}} {{/MLDSA_tb/uut/data_path_inst/Sampler_/ExpandS_/b}} 
restart
run 1 us
relaunch_sim
run 1 us
run 1 us
current_wave_config {MLDSA_tb_behav.wcfg}
add_wave {{/MLDSA_tb/uut/data_path_inst/Sampler_/ExpandS_/mux_data_out}} 
restart
run 1 us
run 1 us
run 1 us
relaunch_sim
run 1 us
relaunch_sim
run 1 us
add_files -norecurse -scan_for_includes C:/Users/fossu/Desktop/ML_DSA_Syn/IMP/¼ÒªO/mux_generate.v
import_files -norecurse C:/Users/fossu/Desktop/ML_DSA_Syn/IMP/¼ÒªO/mux_generate.v
relaunch_sim
add_files -norecurse -scan_for_includes C:/Users/fossu/Desktop/ML_DSA_Syn/IMP/SHA3_imp/MLDSA/MLDSA.srcs/sources_1/imports/MLDSA/mux_generate.v
update_compile_order -fileset sources_1
relaunch_sim
relaunch_sim
relaunch_sim
relaunch_sim
export_ip_user_files -of_objects  [get_files C:/Users/fossu/Desktop/ML_DSA_Syn/IMP/SHA3_imp/MLDSA/MLDSA.srcs/sources_1/imports/MLDSA/mux_generate.v] -no_script -reset -force -quiet
remove_files  C:/Users/fossu/Desktop/ML_DSA_Syn/IMP/SHA3_imp/MLDSA/MLDSA.srcs/sources_1/imports/MLDSA/mux_generate.v
add_files -norecurse -scan_for_includes C:/Users/fossu/Desktop/ML_DSA_Syn/IMP/SHA3_imp/MLDSA/MLDSA.srcs/sources_1/imports/MLDSA/mux_generate.v
relaunch_sim
save_wave_config {C:/Users/fossu/Desktop/ML_DSA_Syn/IMP/SHA3_imp/MLDSA/MLDSA_tb_behav.wcfg}
close_sim
launch_simulation
open_wave_config C:/Users/fossu/Desktop/ML_DSA_Syn/IMP/SHA3_imp/MLDSA/MLDSA_tb_behav.wcfg
source MLDSA_tb.tcl
run 1 us
run 1 us
run 1 us
run 1 us
relaunch_sim
relaunch_sim
run 1 us
run 1 us
run 1 us
current_wave_config {MLDSA_tb_behav.wcfg}
add_wave {{/MLDSA_tb/uut/data_path_inst/DM/s1/data_a}} {{/MLDSA_tb/uut/data_path_inst/DM/s1/data_b}} {{/MLDSA_tb/uut/data_path_inst/DM/s1/addr_a}} {{/MLDSA_tb/uut/data_path_inst/DM/s1/addr_b}} {{/MLDSA_tb/uut/data_path_inst/DM/s1/we_a}} {{/MLDSA_tb/uut/data_path_inst/DM/s1/we_b}} {{/MLDSA_tb/uut/data_path_inst/DM/s1/q_a}} {{/MLDSA_tb/uut/data_path_inst/DM/s1/q_b}} 
restart
run 1 us
run 1 us
relaunch_sim
relaunch_sim
run 1 us
relaunch_sim
relaunch_sim
run 1 us
current_wave_config {MLDSA_tb_behav.wcfg}
add_wave {{/MLDSA_tb/uut/data_path_inst/Sampler_/ExpandS_/a}} {{/MLDSA_tb/uut/data_path_inst/Sampler_/ExpandS_/b}} 
current_wave_config {MLDSA_tb_behav.wcfg}
add_wave {{/MLDSA_tb/uut/data_path_inst/Sampler_/ExpandS_/CFHB_0_out}} {{/MLDSA_tb/uut/data_path_inst/Sampler_/ExpandS_/CFHB_1_out}} 
restart
run 1 us
current_wave_config {MLDSA_tb_behav.wcfg}
add_wave {{/MLDSA_tb/uut/data_path_inst/Sampler_/ExpandS_/CFHB_0/in}} {{/MLDSA_tb/uut/data_path_inst/Sampler_/ExpandS_/CFHB_0/out}} 
restart
run 1 us
relaunch_sim
relaunch_sim
run 1 us
save_wave_config {C:/Users/fossu/Desktop/ML_DSA_Syn/IMP/SHA3_imp/MLDSA/MLDSA_tb_behav.wcfg}
close_sim
launch_simulation
open_wave_config C:/Users/fossu/Desktop/ML_DSA_Syn/IMP/SHA3_imp/MLDSA/MLDSA_tb_behav.wcfg
source MLDSA_tb.tcl
current_wave_config {MLDSA_tb_behav.wcfg}
add_wave {{/MLDSA_tb/uut/controller_inst/curr_state}} 
current_wave_config {MLDSA_tb_behav.wcfg}
add_wave {{/MLDSA_tb/uut/data_path_inst/Sampler_/ExpandS_/curr_state}} 
current_wave_config {MLDSA_tb_behav.wcfg}
add_wave {{/MLDSA_tb/uut/data_path_inst/Sampler_/ExpandS_/sampler_in_ready}} {{/MLDSA_tb/uut/data_path_inst/Sampler_/ExpandS_/sampler_in}} 
current_wave_config {MLDSA_tb_behav.wcfg}
add_wave {{/MLDSA_tb/uut/data_path_inst/Sampler_/ExpandS_/mux_data_out}} 
current_wave_config {MLDSA_tb_behav.wcfg}
add_wave {{/MLDSA_tb/uut/data_path_inst/Sampler_/ExpandS_/a}} {{/MLDSA_tb/uut/data_path_inst/Sampler_/ExpandS_/b}} 
current_wave_config {MLDSA_tb_behav.wcfg}
add_wave {{/MLDSA_tb/uut/data_path_inst/Sampler_/ExpandS_/j_plus_num}} 
current_wave_config {MLDSA_tb_behav.wcfg}
add_wave {{/MLDSA_tb/uut/data_path_inst/Sampler_/ExpandS_/CFHB_0_out}} {{/MLDSA_tb/uut/data_path_inst/Sampler_/ExpandS_/CFHB_1_out}} 
current_wave_config {MLDSA_tb_behav.wcfg}
add_wave {{/MLDSA_tb/uut/data_path_inst/Sampler_/ExpandS_/z0_tmp}} {{/MLDSA_tb/uut/data_path_inst/Sampler_/ExpandS_/z1_tmp}} 
current_wave_config {MLDSA_tb_behav.wcfg}
add_wave {{/MLDSA_tb/uut/data_path_inst/Sampler_/ExpandS_/z0}} {{/MLDSA_tb/uut/data_path_inst/Sampler_/ExpandS_/z1}} 
restart
run 1 us
run 1 us
relaunch_sim
run 1 us
relaunch_sim
relaunch_sim
relaunch_sim
run 1 us
relaunch_sim
relaunch_sim
relaunch_sim
run 1 us
current_wave_config {MLDSA_tb_behav.wcfg}
add_wave {{/MLDSA_tb/uut/data_path_inst/Sampler_/ExpandS_/z0}} {{/MLDSA_tb/uut/data_path_inst/Sampler_/ExpandS_/z1}} {{/MLDSA_tb/uut/data_path_inst/Sampler_/ExpandS_/waddr_z0}} {{/MLDSA_tb/uut/data_path_inst/Sampler_/ExpandS_/waddr_z1}} {{/MLDSA_tb/uut/data_path_inst/Sampler_/ExpandS_/wen_z}} 
restart
run 1 us
run 1 us
current_wave_config {MLDSA_tb_behav.wcfg}
add_wave {{/MLDSA_tb/uut/data_path_inst/Sampler_/ExpandS_/j}} 
current_wave_config {MLDSA_tb_behav.wcfg}
add_wave {{/MLDSA_tb/uut/data_path_inst/Sampler_/ExpandS_/next_element}} 
current_wave_config {MLDSA_tb_behav.wcfg}
add_wave {{/MLDSA_tb/uut/data_path_inst/Sampler_/ExpandS_/shake_squeeze}} 
current_wave_config {MLDSA_tb_behav.wcfg}
add_wave {{/MLDSA_tb/uut/data_path_inst/Sampler_/ExpandS_/counter_full}} 
restart
run 1 us
run 1 us
run 1 us
current_wave_config {MLDSA_tb_behav.wcfg}
add_wave {{/MLDSA_tb/uut/data_path_inst/DM/s1/data_a}} {{/MLDSA_tb/uut/data_path_inst/DM/s1/data_b}} {{/MLDSA_tb/uut/data_path_inst/DM/s1/addr_a}} {{/MLDSA_tb/uut/data_path_inst/DM/s1/addr_b}} {{/MLDSA_tb/uut/data_path_inst/DM/s1/we_a}} {{/MLDSA_tb/uut/data_path_inst/DM/s1/we_b}} {{/MLDSA_tb/uut/data_path_inst/DM/s1/q_a}} {{/MLDSA_tb/uut/data_path_inst/DM/s1/q_b}} 
restart
run 1 us
run 1 us
run 1 us
current_wave_config {MLDSA_tb_behav.wcfg}
add_wave {{/MLDSA_tb/uut/data_path_inst/DM/s1/ram}} 
current_wave_config {MLDSA_tb_behav.wcfg}
add_wave {{/MLDSA_tb/uut/data_path_inst/Sampler_/ExpandS_/shake_cnt}} 
current_wave_config {MLDSA_tb_behav.wcfg}
add_wave {{/MLDSA_tb/uut/data_path_inst/Sampler_/ExpandS_/element_choose}} 
run 1 us
relaunch_sim
run 1 us
run 1 us
run 1 us
run 1 us
current_wave_config {MLDSA_tb_behav.wcfg}
add_wave {{/MLDSA_tb/clk}} 
restart
run 1 us
run 1 us
run 1 us
run 1 us
run 1 us
relaunch_sim
relaunch_sim
relaunch_sim
run 1 us
run 1 us
run 1 us
current_wave_config {MLDSA_tb_behav.wcfg}
add_wave {{/MLDSA_tb/uut/data_path_inst/Sampler_/sampler_squeeze}} 
restart
run 1 us
run 1 us
run 1 us
run 1 us
current_wave_config {MLDSA_tb_behav.wcfg}
add_wave {{/MLDSA_tb/uut/controller_inst/sampler_in_ready}} 
restart
run 1 us
run 1 us
run 1 us
save_wave_config {C:/Users/fossu/Desktop/ML_DSA_Syn/IMP/SHA3_imp/MLDSA/MLDSA_tb_behav.wcfg}
close_sim
