#-----------------------------------------------------------
# Vivado v2023.2 (64-bit)
# SW Build 4029153 on Fri Oct 13 20:14:34 MDT 2023
# IP Build 4028589 on Sat Oct 14 00:45:43 MDT 2023
# SharedData Build 4025554 on Tue Oct 10 17:18:54 MDT 2023
# Start of session at: Sun May 25 20:54:32 2025
# Process ID: 16604
# Current directory: C:/Users/fossu/Desktop/ML_DSA_Syn_new/IMP2/NTT
# Command line: vivado.exe -gui_launcher_event rodinguilauncherevent27356 C:\Users\fossu\Desktop\ML_DSA_Syn_new\IMP2\NTT\NTT.xpr
# Log file: C:/Users/fossu/Desktop/ML_DSA_Syn_new/IMP2/NTT/vivado.log
# Journal file: C:/Users/fossu/Desktop/ML_DSA_Syn_new/IMP2/NTT\vivado.jou
# Running On: DESKTOP-5RUADSS, OS: Windows, CPU Frequency: 3593 MHz, CPU Physical cores: 12, Host memory: 34287 MB
#-----------------------------------------------------------
start_gui
open_project C:/Users/fossu/Desktop/ML_DSA_Syn_new/IMP2/NTT/NTT.xpr
update_compile_order -fileset sources_1
launch_simulation
open_wave_config C:/Users/fossu/Desktop/ML_DSA_Syn_new/IMP2/NTT/NTT_tb_time_synth.wcfg
open_wave_config C:/Users/fossu/Desktop/ML_DSA_Syn_new/IMP2/NTT/INTT.wcfg
open_wave_config C:/Users/fossu/Desktop/ML_DSA_Syn_new/IMP2/NTT/NTT_INTT.wcfg
source NTT_tb.tcl
run 100 us
relaunch_sim
run 100 us
current_wave_config {NTT_INTT.wcfg}
add_wave {{/NTT_tb/dut/BU_0/out_a}} {{/NTT_tb/dut/BU_0/out_b}} 
relaunch_sim
run 100 us
relaunch_sim
run 100 us
relaunch_sim
run 100 us
relaunch_sim
relaunch_sim
relaunch_sim
run 100 us
relaunch_sim
run 100 us
relaunch_sim
run 100 us
relaunch_sim
run 100 us
close_sim
