#-----------------------------------------------------------
# Vivado v2023.2 (64-bit)
# SW Build 4029153 on Fri Oct 13 20:14:34 MDT 2023
# IP Build 4028589 on Sat Oct 14 00:45:43 MDT 2023
# SharedData Build 4025554 on Tue Oct 10 17:18:54 MDT 2023
# Start of session at: Tue Mar  4 22:24:47 2025
# Process ID: 9832
# Current directory: C:/Users/fossu/Desktop/ML_DSA_Syn/IMP/MLDSA
# Command line: vivado.exe -gui_launcher_event rodinguilauncherevent10968 C:\Users\fossu\Desktop\ML_DSA_Syn\IMP\MLDSA\MLDSA.xpr
# Log file: C:/Users/fossu/Desktop/ML_DSA_Syn/IMP/MLDSA/vivado.log
# Journal file: C:/Users/fossu/Desktop/ML_DSA_Syn/IMP/MLDSA\vivado.jou
# Running On: DESKTOP-5RUADSS, OS: Windows, CPU Frequency: 3593 MHz, CPU Physical cores: 12, Host memory: 34287 MB
#-----------------------------------------------------------
start_gui
open_project C:/Users/fossu/Desktop/ML_DSA_Syn/IMP/MLDSA/MLDSA.xpr
update_compile_order -fileset sources_1
launch_simulation
open_wave_config C:/Users/fossu/Desktop/ML_DSA_Syn/IMP/MLDSA/MLDSA_tb_behav.wcfg
source MLDSA_tb.tcl
run 100 us
relaunch_sim
run 100 us
run 100 us
current_wave_config {MLDSA_tb_behav.wcfg}
add_wave {{/MLDSA_tb/uut/data_path_inst/NTT_/out_u_0}} {{/MLDSA_tb/uut/data_path_inst/NTT_/out_d_0}} {{/MLDSA_tb/uut/data_path_inst/NTT_/out_u_1}} {{/MLDSA_tb/uut/data_path_inst/NTT_/out_d_1}} {{/MLDSA_tb/uut/data_path_inst/NTT_/out_u_2}} {{/MLDSA_tb/uut/data_path_inst/NTT_/out_d_2}} {{/MLDSA_tb/uut/data_path_inst/NTT_/out_u_3}} {{/MLDSA_tb/uut/data_path_inst/NTT_/out_d_3}} {{/MLDSA_tb/uut/data_path_inst/NTT_/out_u_4}} {{/MLDSA_tb/uut/data_path_inst/NTT_/out_d_4}} {{/MLDSA_tb/uut/data_path_inst/NTT_/out_u_5}} {{/MLDSA_tb/uut/data_path_inst/NTT_/out_d_5}} {{/MLDSA_tb/uut/data_path_inst/NTT_/out_u_6}} {{/MLDSA_tb/uut/data_path_inst/NTT_/out_d_6}} {{/MLDSA_tb/uut/data_path_inst/NTT_/out_u_7}} {{/MLDSA_tb/uut/data_path_inst/NTT_/out_d_7}} 
restart
run 100 us
run 100 us
current_wave_config {MLDSA_tb_behav.wcfg}
add_wave {{/MLDSA_tb/uut/data_path_inst/NTT_/cnt}} 
restart
run 100 us
run 100 us
relaunch_sim
run 100 us
run 100 us
current_wave_config {MLDSA_tb_behav.wcfg}
add_wave {{/MLDSA_tb/uut/data_path_inst/NTT_/RU_1/in_u}} {{/MLDSA_tb/uut/data_path_inst/NTT_/RU_1/in_d}} {{/MLDSA_tb/uut/data_path_inst/NTT_/RU_1/out_u}} {{/MLDSA_tb/uut/data_path_inst/NTT_/RU_1/out_d}} 
restart
run 100 us
run 100 us
current_wave_config {MLDSA_tb_behav.wcfg}
add_wave {{/MLDSA_tb/uut/data_path_inst/NTT_/RU_1/switch}} 
restart
run 100 us
run 100 us
current_wave_config {MLDSA_tb_behav.wcfg}
add_wave {{/MLDSA_tb/uut/data_path_inst/NTT_/NTT_en}} 
restart
run 100 us
run 100 us
relaunch_sim
run 100 us
save_wave_config {C:/Users/fossu/Desktop/ML_DSA_Syn/IMP/MLDSA/MLDSA_tb_behav.wcfg}
run 100 us
relaunch_sim
relaunch_sim
run 100 us
current_wave_config {MLDSA_tb_behav.wcfg}
add_wave {{/MLDSA_tb/uut/data_path_inst/en_t0}} {{/MLDSA_tb/uut/data_path_inst/we_t0}} {{/MLDSA_tb/uut/data_path_inst/en_t1}} {{/MLDSA_tb/uut/data_path_inst/we_t1}} {{/MLDSA_tb/uut/data_path_inst/t0}} {{/MLDSA_tb/uut/data_path_inst/t1}} {{/MLDSA_tb/uut/data_path_inst/addr_t0}} {{/MLDSA_tb/uut/data_path_inst/addr_t1}} 
relaunch_sim
run 100 us
save_wave_config {C:/Users/fossu/Desktop/ML_DSA_Syn/IMP/MLDSA/MLDSA_tb_behav.wcfg}
relaunch_sim
run 100 us
close_sim
