#-----------------------------------------------------------
# Vivado v2023.2 (64-bit)
# SW Build 4029153 on Fri Oct 13 20:14:34 MDT 2023
# IP Build 4028589 on Sat Oct 14 00:45:43 MDT 2023
# SharedData Build 4025554 on Tue Oct 10 17:18:54 MDT 2023
# Start of session at: Sun Apr  6 18:52:18 2025
# Process ID: 23176
# Current directory: C:/Users/fossu/Desktop/ML_DSA_Syn_new/IMP/MLDSA
# Command line: vivado.exe -gui_launcher_event rodinguilauncherevent172 C:\Users\fossu\Desktop\ML_DSA_Syn_new\IMP\MLDSA\MLDSA.xpr
# Log file: C:/Users/fossu/Desktop/ML_DSA_Syn_new/IMP/MLDSA/vivado.log
# Journal file: C:/Users/fossu/Desktop/ML_DSA_Syn_new/IMP/MLDSA\vivado.jou
# Running On: DESKTOP-5RUADSS, OS: Windows, CPU Frequency: 3593 MHz, CPU Physical cores: 12, Host memory: 34287 MB
#-----------------------------------------------------------
start_gui
open_project C:/Users/fossu/Desktop/ML_DSA_Syn_new/IMP/MLDSA/MLDSA.xpr
launch_simulation
open_wave_config C:/Users/fossu/Desktop/ML_DSA_Syn_new/IMP/MLDSA/MLDSA_tb_behav.wcfg
open_wave_config C:/Users/fossu/Desktop/ML_DSA_Syn_new/IMP/MLDSA/MLDSA_tb_behav1.wcfg
source MLDSA_tb.tcl
update_compile_order -fileset sources_1
close_sim
launch_simulation
open_wave_config C:/Users/fossu/Desktop/ML_DSA_Syn_new/IMP/MLDSA/MLDSA_tb_behav.wcfg
open_wave_config C:/Users/fossu/Desktop/ML_DSA_Syn_new/IMP/MLDSA/MLDSA_tb_behav1.wcfg
source MLDSA_tb.tcl
run 10 us
run 10 us
close_sim
