#-----------------------------------------------------------
# Vivado v2023.2 (64-bit)
# SW Build 4029153 on Fri Oct 13 20:14:34 MDT 2023
# IP Build 4028589 on Sat Oct 14 00:45:43 MDT 2023
# SharedData Build 4025554 on Tue Oct 10 17:18:54 MDT 2023
# Start of session at: Sun Apr  6 19:04:41 2025
# Process ID: 16920
# Current directory: C:/Users/fossu/Desktop/ML_DSA_Syn_new/IMP/MLDSA
# Command line: vivado.exe -gui_launcher_event rodinguilauncherevent21124 C:\Users\fossu\Desktop\ML_DSA_Syn_new\IMP\MLDSA\MLDSA.xpr
# Log file: C:/Users/fossu/Desktop/ML_DSA_Syn_new/IMP/MLDSA/vivado.log
# Journal file: C:/Users/fossu/Desktop/ML_DSA_Syn_new/IMP/MLDSA\vivado.jou
# Running On: DESKTOP-5RUADSS, OS: Windows, CPU Frequency: 3593 MHz, CPU Physical cores: 12, Host memory: 34287 MB
#-----------------------------------------------------------
start_gui
open_project C:/Users/fossu/Desktop/ML_DSA_Syn_new/IMP/MLDSA/MLDSA.xpr
update_compile_order -fileset sources_1
launch_simulation
open_wave_config C:/Users/fossu/Desktop/ML_DSA_Syn_new/IMP/MLDSA/MLDSA_tb_behav.wcfg
open_wave_config C:/Users/fossu/Desktop/ML_DSA_Syn_new/IMP/MLDSA/MLDSA_tb_behav1.wcfg
source MLDSA_tb.tcl
relaunch_sim
run 10 us
run 10 us
run 10 us
relaunch_sim
relaunch_sim
relaunch_sim
relaunch_sim
run 10 us
run 10 us
run 10 us
relaunch_sim
run 10 us
run 10 us
run 10 us
update_compile_order -fileset sources_1
export_ip_user_files -of_objects  [get_files C:/Users/fossu/Desktop/ML_DSA_Syn_new/IMP/MLDSA/MLDSA.srcs/sources_1/Address_generate/Address_generate_2.v] -no_script -reset -force -quiet
remove_files  C:/Users/fossu/Desktop/ML_DSA_Syn_new/IMP/MLDSA/MLDSA.srcs/sources_1/Address_generate/Address_generate_2.v
relaunch_sim
relaunch_sim
relaunch_sim
close_sim
launch_simulation
open_wave_config C:/Users/fossu/Desktop/ML_DSA_Syn_new/IMP/MLDSA/MLDSA_tb_behav.wcfg
open_wave_config C:/Users/fossu/Desktop/ML_DSA_Syn_new/IMP/MLDSA/MLDSA_tb_behav1.wcfg
source MLDSA_tb.tcl
run 10 us
run 10 us
run 10 us
update_compile_order -fileset sources_1
relaunch_sim
add_files -norecurse -scan_for_includes {C:/Users/fossu/Desktop/ML_DSA_Syn_new/IMP/MLDSA/MLDSA.srcs/sources_1/Encoder/zero_strip.v C:/Users/fossu/Desktop/ML_DSA_Syn_new/IMP/MLDSA/MLDSA.srcs/sources_1/Encoder/uncenter_coeff.v C:/Users/fossu/Desktop/ML_DSA_Syn_new/IMP/MLDSA/MLDSA.srcs/sources_1/Encoder/encoder.v}
relaunch_sim
export_ip_user_files -of_objects  [get_files C:/Users/fossu/Desktop/ML_DSA_Syn_new/IMP/MLDSA/MLDSA.srcs/sources_1/Encoder/encoder.v] -no_script -reset -force -quiet
export_ip_user_files -of_objects  [get_files C:/Users/fossu/Desktop/ML_DSA_Syn_new/IMP/MLDSA/MLDSA.srcs/sources_1/Encoder/zero_strip.v] -no_script -reset -force -quiet
export_ip_user_files -of_objects  [get_files C:/Users/fossu/Desktop/ML_DSA_Syn_new/IMP/MLDSA/MLDSA.srcs/sources_1/Encoder/uncenter_coeff.v] -no_script -reset -force -quiet
remove_files  {C:/Users/fossu/Desktop/ML_DSA_Syn_new/IMP/MLDSA/MLDSA.srcs/sources_1/Encoder/encoder.v C:/Users/fossu/Desktop/ML_DSA_Syn_new/IMP/MLDSA/MLDSA.srcs/sources_1/Encoder/zero_strip.v C:/Users/fossu/Desktop/ML_DSA_Syn_new/IMP/MLDSA/MLDSA.srcs/sources_1/Encoder/uncenter_coeff.v}
add_files -norecurse -scan_for_includes {C:/Users/fossu/Desktop/ML_DSA_Syn_new/IMP/MLDSA/MLDSA.srcs/sources_1/Encoder/zero_strip.v C:/Users/fossu/Desktop/ML_DSA_Syn_new/IMP/MLDSA/MLDSA.srcs/sources_1/Encoder/uncenter_coeff.v C:/Users/fossu/Desktop/ML_DSA_Syn_new/IMP/MLDSA/MLDSA.srcs/sources_1/Encoder/encoder.v}
relaunch_sim
close_sim
launch_simulation
open_wave_config C:/Users/fossu/Desktop/ML_DSA_Syn_new/IMP/MLDSA/MLDSA_tb_behav.wcfg
open_wave_config C:/Users/fossu/Desktop/ML_DSA_Syn_new/IMP/MLDSA/MLDSA_tb_behav1.wcfg
source MLDSA_tb.tcl
run 10 us
run 10 us
run 10 us
relaunch_sim
relaunch_sim
run 10 us
run 10 us
run 10 us
relaunch_sim
run 10 us
run 10 us
relaunch_sim
run 10 us
run 10 us
run 10 us
relaunch_sim
relaunch_sim
relaunch_sim
run 10 us
run 10 us
run 10 us
create_wave_config
current_wave_config {Untitled 1}
add_wave {{/MLDSA_tb/uut/data_path_inst/DM/s2_data_a}} {{/MLDSA_tb/uut/data_path_inst/DM/s2_data_b}} {{/MLDSA_tb/uut/data_path_inst/DM/s2_addr_a}} {{/MLDSA_tb/uut/data_path_inst/DM/s2_addr_b}} {{/MLDSA_tb/uut/data_path_inst/DM/s2_en_a}} {{/MLDSA_tb/uut/data_path_inst/DM/s2_en_b}} {{/MLDSA_tb/uut/data_path_inst/DM/s2_we_a}} {{/MLDSA_tb/uut/data_path_inst/DM/s2_we_b}} {{/MLDSA_tb/uut/data_path_inst/DM/s2_q_a}} {{/MLDSA_tb/uut/data_path_inst/DM/s2_q_b}} 
current_wave_config {Untitled 1}
add_wave {{/MLDSA_tb/uut/data_path_inst/AG/addr_adder}} {{/MLDSA_tb/uut/data_path_inst/AG/last_addr}} {{/MLDSA_tb/uut/data_path_inst/AG/star_addr}} {{/MLDSA_tb/uut/data_path_inst/AG/triger}} {{/MLDSA_tb/uut/data_path_inst/AG/clean}} {{/MLDSA_tb/uut/data_path_inst/AG/addr_en}} {{/MLDSA_tb/uut/data_path_inst/AG/addr_a}} {{/MLDSA_tb/uut/data_path_inst/AG/addr_b}} {{/MLDSA_tb/uut/data_path_inst/AG/data_valid}} {{/MLDSA_tb/uut/data_path_inst/AG/done}} {{/MLDSA_tb/uut/data_path_inst/AG/cnt_en}} {{/MLDSA_tb/uut/data_path_inst/AG/cnt}} {{/MLDSA_tb/uut/data_path_inst/AG/done_tmp}} 
current_wave_config {Untitled 1}
add_wave {{/MLDSA_tb/uut/controller_inst/curr_state_KeyGen}} 
current_wave_config {Untitled 1}
add_wave {{/MLDSA_tb/uut/controller_inst/clk}} {{/MLDSA_tb/uut/controller_inst/reset}} 
restart
run 10 us
run 10 us
run 10 us
run 10 us
relaunch_sim
run all
restart
run 10 us
run 10 us
run 10 us
run 10 us
relaunch_sim
run 10 us
run 10 us
run 10 us
update_compile_order -fileset sources_1
relaunch_sim
relaunch_sim
update_compile_order -fileset sources_1
current_wave_config {Untitled 1}
add_wave {{/MLDSA_tb/uut/data_path_inst/enc_/sec_lvl}} {{/MLDSA_tb/uut/data_path_inst/enc_/encode_mode}} {{/MLDSA_tb/uut/data_path_inst/enc_/valid_i}} {{/MLDSA_tb/uut/data_path_inst/enc_/ready_i}} {{/MLDSA_tb/uut/data_path_inst/enc_/di}} {{/MLDSA_tb/uut/data_path_inst/enc_/dout}} {{/MLDSA_tb/uut/data_path_inst/enc_/valid_o}} {{/MLDSA_tb/uut/data_path_inst/enc_/ready_o}} 
restart
run 10 us
run 10 us
run 10 us
relaunch_sim
relaunch_sim
run 10 us
run 10 us
run 10 us
relaunch_sim
relaunch_sim
run 10 us
run 10 us
current_wave_config {Untitled 1}
add_wave {{/MLDSA_tb/uut/data_path_inst/ENC_sec_lvl}} {{/MLDSA_tb/uut/data_path_inst/ENC_encode_mode}} {{/MLDSA_tb/uut/data_path_inst/ENC_valid_i}} {{/MLDSA_tb/uut/data_path_inst/ENC_ready_o}} {{/MLDSA_tb/uut/data_path_inst/ENC_di}} {{/MLDSA_tb/uut/data_path_inst/ENC_ready_i}} {{/MLDSA_tb/uut/data_path_inst/ENC_valid_o}} {{/MLDSA_tb/uut/data_path_inst/ENC_dout}} 
restart
run 10 us
run 10 us
relaunch_sim
run 10 us
run 10 us
run 10 us
run 10 us
save_wave_config {C:/Users/fossu/Desktop/ML_DSA_Syn_new/IMP/MLDSA/KeyGen_Stage4.wcfg}
add_files -fileset sim_1 -norecurse C:/Users/fossu/Desktop/ML_DSA_Syn_new/IMP/MLDSA/KeyGen_Stage4.wcfg
set_property xsim.view {C:/Users/fossu/Desktop/ML_DSA_Syn_new/IMP/MLDSA/MLDSA_tb_behav.wcfg C:/Users/fossu/Desktop/ML_DSA_Syn_new/IMP/MLDSA/MLDSA_tb_behav1.wcfg C:/Users/fossu/Desktop/ML_DSA_Syn_new/IMP/MLDSA/KeyGen_Stage4.wcfg} [get_filesets sim_1]
relaunch_sim
run 10 us
run 10 us
run 10 us
relaunch_sim
run 10 us
run 10 us
relaunch_sim
run 10 us
run 10 us
relaunch_sim
relaunch_sim
relaunch_sim
run 10 us
run 10 us
relaunch_sim
run 10 us
run 10 us
run 10 us
relaunch_sim
relaunch_sim
run 10 us
run 10 us
run 10 us
relaunch_sim
relaunch_sim
relaunch_sim
run 10 us
run 10 us
run 10 us
run 10 us
relaunch_sim
run 10 us
run 10 us
run 10 us
current_wave_config {KeyGen_Stage4.wcfg}
add_wave {{/MLDSA_tb/uut/data_path_inst/AG2/addr_adder}} {{/MLDSA_tb/uut/data_path_inst/AG2/last_addr}} {{/MLDSA_tb/uut/data_path_inst/AG2/star_addr}} {{/MLDSA_tb/uut/data_path_inst/AG2/triger}} {{/MLDSA_tb/uut/data_path_inst/AG2/clean}} {{/MLDSA_tb/uut/data_path_inst/AG2/addr_en}} {{/MLDSA_tb/uut/data_path_inst/AG2/addr_a}} {{/MLDSA_tb/uut/data_path_inst/AG2/addr_b}} {{/MLDSA_tb/uut/data_path_inst/AG2/data_valid}} {{/MLDSA_tb/uut/data_path_inst/AG2/done}} {{/MLDSA_tb/uut/data_path_inst/AG2/cnt_en}} {{/MLDSA_tb/uut/data_path_inst/AG2/cnt}} 
relaunch_sim
relaunch_sim
run 10 us
run 10 us
run 10 us
run 10 us
current_wave_config {KeyGen_Stage4.wcfg}
add_wave {{/MLDSA_tb/uut/data_path_inst/DM/s2_pack_data_a}} {{/MLDSA_tb/uut/data_path_inst/DM/s2_pack_data_b}} {{/MLDSA_tb/uut/data_path_inst/DM/s2_pack_addr_a}} {{/MLDSA_tb/uut/data_path_inst/DM/s2_pack_addr_b}} {{/MLDSA_tb/uut/data_path_inst/DM/s2_pack_en_a}} {{/MLDSA_tb/uut/data_path_inst/DM/s2_pack_en_b}} {{/MLDSA_tb/uut/data_path_inst/DM/s2_pack_we_a}} {{/MLDSA_tb/uut/data_path_inst/DM/s2_pack_we_b}} {{/MLDSA_tb/uut/data_path_inst/DM/s2_pack_q_a}} {{/MLDSA_tb/uut/data_path_inst/DM/s2_pack_q_b}} 
restart
run 10 us
run 10 us
run 10 us
run 10 us
relaunch_sim
run 10 us
run 10 us
run 10 us
run 10 us
relaunch_sim
run 10 us
run 10 us
run 10 us
relaunch_sim
relaunch_sim
relaunch_sim
relaunch_sim
run 10 us
run 10 us
relaunch_sim
run 10 us
run 10 us
run 10 us
run 10 us
run 10 us
run 10 us
run 10 us
run 10 us
relaunch_sim
relaunch_sim
relaunch_sim
run 10 us
run 10 us
run 10 us
relaunch_sim
relaunch_sim
run 10 us
run 10 us
run 10 us
run 10 us
current_wave_config {KeyGen_Stage4.wcfg}
add_wave {{/MLDSA_tb/uut/data_path_inst/AG_1/addr_adder}} {{/MLDSA_tb/uut/data_path_inst/AG_1/last_addr}} {{/MLDSA_tb/uut/data_path_inst/AG_1/star_addr}} {{/MLDSA_tb/uut/data_path_inst/AG_1/triger}} {{/MLDSA_tb/uut/data_path_inst/AG_1/clean}} {{/MLDSA_tb/uut/data_path_inst/AG_1/addr_en}} {{/MLDSA_tb/uut/data_path_inst/AG_1/addr_a}} {{/MLDSA_tb/uut/data_path_inst/AG_1/addr_b}} {{/MLDSA_tb/uut/data_path_inst/AG_1/data_valid}} {{/MLDSA_tb/uut/data_path_inst/AG_1/done}} {{/MLDSA_tb/uut/data_path_inst/AG_1/cnt_en}} {{/MLDSA_tb/uut/data_path_inst/AG_1/cnt}} 
current_wave_config {KeyGen_Stage4.wcfg}
add_wave {{/MLDSA_tb/uut/data_path_inst/KK/in}} {{/MLDSA_tb/uut/data_path_inst/KK/in_ready}} {{/MLDSA_tb/uut/data_path_inst/KK/is_last}} {{/MLDSA_tb/uut/data_path_inst/KK/squeeze}} {{/MLDSA_tb/uut/data_path_inst/KK/mode}} {{/MLDSA_tb/uut/data_path_inst/KK/sha_hold}} {{/MLDSA_tb/uut/data_path_inst/KK/byte_num}} {{/MLDSA_tb/uut/data_path_inst/KK/buffer_full}} {{/MLDSA_tb/uut/data_path_inst/KK/buffer_last}} {{/MLDSA_tb/uut/data_path_inst/KK/out}} {{/MLDSA_tb/uut/data_path_inst/KK/out_ready}} 
current_wave_config {KeyGen_Stage4.wcfg}
add_wave {{/MLDSA_tb/uut/data_path_inst/Sampler_/ExpandA_/sampler_in_ready}} {{/MLDSA_tb/uut/data_path_inst/Sampler_/ExpandA_/sampler_in}} {{/MLDSA_tb/uut/data_path_inst/Sampler_/ExpandA_/sampler_squeeze}} {{/MLDSA_tb/uut/data_path_inst/Sampler_/ExpandA_/next_element}} {{/MLDSA_tb/uut/data_path_inst/Sampler_/ExpandA_/A0}} {{/MLDSA_tb/uut/data_path_inst/Sampler_/ExpandA_/A1}} {{/MLDSA_tb/uut/data_path_inst/Sampler_/ExpandA_/addr_A0}} {{/MLDSA_tb/uut/data_path_inst/Sampler_/ExpandA_/addr_A1}} {{/MLDSA_tb/uut/data_path_inst/Sampler_/ExpandA_/en_A0}} {{/MLDSA_tb/uut/data_path_inst/Sampler_/ExpandA_/we_A0}} {{/MLDSA_tb/uut/data_path_inst/Sampler_/ExpandA_/en_A1}} {{/MLDSA_tb/uut/data_path_inst/Sampler_/ExpandA_/we_A1}} 
current_wave_config {KeyGen_Stage4.wcfg}
add_wave {{/MLDSA_tb/uut/data_path_inst/DM/A/data_a}} {{/MLDSA_tb/uut/data_path_inst/DM/A/data_b}} {{/MLDSA_tb/uut/data_path_inst/DM/A/addr_a}} {{/MLDSA_tb/uut/data_path_inst/DM/A/addr_b}} {{/MLDSA_tb/uut/data_path_inst/DM/A/en_a}} {{/MLDSA_tb/uut/data_path_inst/DM/A/en_b}} {{/MLDSA_tb/uut/data_path_inst/DM/A/we_a}} {{/MLDSA_tb/uut/data_path_inst/DM/A/we_b}} {{/MLDSA_tb/uut/data_path_inst/DM/A/q_a}} {{/MLDSA_tb/uut/data_path_inst/DM/A/q_b}} 
restart
run 10 us
run 10 us
run 10 us
run 10 us
current_wave_config {KeyGen_Stage4.wcfg}
add_wave {{/MLDSA_tb/uut/data_path_inst/AG_3/addr_adder}} {{/MLDSA_tb/uut/data_path_inst/AG_3/last_addr}} {{/MLDSA_tb/uut/data_path_inst/AG_3/star_addr}} {{/MLDSA_tb/uut/data_path_inst/AG_3/triger}} {{/MLDSA_tb/uut/data_path_inst/AG_3/clean}} {{/MLDSA_tb/uut/data_path_inst/AG_3/addr_en}} {{/MLDSA_tb/uut/data_path_inst/AG_3/addr_a}} {{/MLDSA_tb/uut/data_path_inst/AG_3/addr_b}} {{/MLDSA_tb/uut/data_path_inst/AG_3/data_valid}} {{/MLDSA_tb/uut/data_path_inst/AG_3/done}} 
restart
run 10 us
run 10 us
run 10 us
run 10 us
relaunch_sim
relaunch_sim
relaunch_sim
run 10 us
run 10 us
run 10 us
relaunch_sim
relaunch_sim
relaunch_sim
run 10 us
run 10 us
run 10 us
run 10 us
run 10 us
run 10 us
run 10 us
run 10 us
relaunch_sim
relaunch_sim
