#-----------------------------------------------------------
# Vivado v2023.2 (64-bit)
# SW Build 4029153 on Fri Oct 13 20:14:34 MDT 2023
# IP Build 4028589 on Sat Oct 14 00:45:43 MDT 2023
# SharedData Build 4025554 on Tue Oct 10 17:18:54 MDT 2023
# Start of session at: Fri May  9 04:24:08 2025
# Process ID: 11796
# Current directory: C:/Users/fossu/Desktop/ML_DSA_Syn_new/IMP/MLDSA
# Command line: vivado.exe -gui_launcher_event rodinguilauncherevent26592 C:\Users\fossu\Desktop\ML_DSA_Syn_new\IMP\MLDSA\MLDSA.xpr
# Log file: C:/Users/fossu/Desktop/ML_DSA_Syn_new/IMP/MLDSA/vivado.log
# Journal file: C:/Users/fossu/Desktop/ML_DSA_Syn_new/IMP/MLDSA\vivado.jou
# Running On: DESKTOP-5RUADSS, OS: Windows, CPU Frequency: 3593 MHz, CPU Physical cores: 12, Host memory: 34287 MB
#-----------------------------------------------------------
start_gui
open_project C:/Users/fossu/Desktop/ML_DSA_Syn_new/IMP/MLDSA/MLDSA.xpr
update_compile_order -fileset sources_1
launch_simulation
open_wave_config C:/Users/fossu/Desktop/ML_DSA_Syn_new/IMP/MLDSA/MLDSA_tb_behav.wcfg
open_wave_config C:/Users/fossu/Desktop/ML_DSA_Syn_new/IMP/MLDSA/KeyGen_Stage4.wcfg
open_wave_config C:/Users/fossu/Desktop/ML_DSA_Syn_new/IMP/MLDSA/KeyGen_Stage5.wcfg
open_wave_config C:/Users/fossu/Desktop/ML_DSA_Syn_new/IMP/MLDSA/KeyGen_Stage3.wcfg
open_wave_config C:/Users/fossu/Desktop/ML_DSA_Syn_new/IMP/MLDSA/KeyGen_Stage6.wcfg
open_wave_config C:/Users/fossu/Desktop/ML_DSA_Syn_new/IMP/MLDSA/KeyGen_Stage8.wcfg
open_wave_config C:/Users/fossu/Desktop/ML_DSA_Syn_new/IMP/MLDSA/KeyGen_Stage9.wcfg
open_wave_config C:/Users/fossu/Desktop/ML_DSA_Syn_new/IMP/MLDSA/KeyGen_Stage10.wcfg
open_wave_config C:/Users/fossu/Desktop/ML_DSA_Syn_new/IMP/MLDSA/test_decoder.wcfg
open_wave_config C:/Users/fossu/Desktop/ML_DSA_Syn_new/IMP/MLDSA/SignGen_Stage2.wcfg
open_wave_config C:/Users/fossu/Desktop/ML_DSA_Syn_new/IMP/MLDSA/SignGen_Stage3.wcfg
open_wave_config C:/Users/fossu/Desktop/ML_DSA_Syn_new/IMP/MLDSA/SignGen_Stage4_1.wcfg
open_wave_config C:/Users/fossu/Desktop/ML_DSA_Syn_new/IMP/MLDSA/SignGen_Stage6.wcfg
open_wave_config C:/Users/fossu/Desktop/ML_DSA_Syn_new/IMP/MLDSA/SignGen_Stage7.wcfg
open_wave_config C:/Users/fossu/Desktop/ML_DSA_Syn_new/IMP/MLDSA/SignGen_Stage8.wcfg
open_wave_config C:/Users/fossu/Desktop/ML_DSA_Syn_new/IMP/MLDSA/SignGen_Stage9.wcfg
open_wave_config C:/Users/fossu/Desktop/ML_DSA_Syn_new/IMP/MLDSA/SignGen_Stage10.wcfg
open_wave_config C:/Users/fossu/Desktop/ML_DSA_Syn_new/IMP/MLDSA/SignGen_Stage11.wcfg
open_wave_config C:/Users/fossu/Desktop/ML_DSA_Syn_new/IMP/MLDSA/SignGen_Stage12.wcfg
open_wave_config C:/Users/fossu/Desktop/ML_DSA_Syn_new/IMP/MLDSA/SignGen_Stage13.wcfg
open_wave_config C:/Users/fossu/Desktop/ML_DSA_Syn_new/IMP/MLDSA/SignGen_Stage14.wcfg
open_wave_config C:/Users/fossu/Desktop/ML_DSA_Syn_new/IMP/MLDSA/SignGen_Stage15.wcfg
open_wave_config C:/Users/fossu/Desktop/ML_DSA_Syn_new/IMP/MLDSA/SignGen_Stage16.wcfg
open_wave_config C:/Users/fossu/Desktop/ML_DSA_Syn_new/IMP/MLDSA/SignGen_Stage17.wcfg
open_wave_config C:/Users/fossu/Desktop/ML_DSA_Syn_new/IMP/MLDSA/SignGen_Stage18.wcfg
open_wave_config C:/Users/fossu/Desktop/ML_DSA_Syn_new/IMP/MLDSA/SignGen_rejection.wcfg
open_wave_config C:/Users/fossu/Desktop/ML_DSA_Syn_new/IMP/MLDSA/SignGen_SendOut.wcfg
source MLDSA_tb.tcl
open_wave_config {C:/Users/fossu/Desktop/ML_DSA_Syn_new/IMP/MLDSA/SignGen_Stage4and5.wcfg}
restart
run 80 us
create_wave_config
current_wave_config {Untitled 1}
add_wave {{/MLDSA_tb/uut/data_path_inst/ctrl_sign}} 
current_wave_config {Untitled 1}
add_wave {{/MLDSA_tb/uut/data_path_inst/NTT_/NTT_in_u}} {{/MLDSA_tb/uut/data_path_inst/NTT_/NTT_in_d}} {{/MLDSA_tb/uut/data_path_inst/NTT_/out_ready}} {{/MLDSA_tb/uut/data_path_inst/NTT_/NTT_out_u}} {{/MLDSA_tb/uut/data_path_inst/NTT_/NTT_out_d}} {{/MLDSA_tb/uut/data_path_inst/NTT_/NTT_addr_u}} {{/MLDSA_tb/uut/data_path_inst/NTT_/done}} 
current_wave_config {Untitled 1}
add_wave {{/MLDSA_tb/uut/data_path_inst/NTT_/out_u_0}} {{/MLDSA_tb/uut/data_path_inst/NTT_/out_d_0}} {{/MLDSA_tb/uut/data_path_inst/NTT_/out_u_1}} {{/MLDSA_tb/uut/data_path_inst/NTT_/out_d_1}} {{/MLDSA_tb/uut/data_path_inst/NTT_/out_u_2}} {{/MLDSA_tb/uut/data_path_inst/NTT_/out_d_2}} {{/MLDSA_tb/uut/data_path_inst/NTT_/out_u_3}} {{/MLDSA_tb/uut/data_path_inst/NTT_/out_d_3}} {{/MLDSA_tb/uut/data_path_inst/NTT_/out_u_4}} {{/MLDSA_tb/uut/data_path_inst/NTT_/out_d_4}} {{/MLDSA_tb/uut/data_path_inst/NTT_/out_u_5}} {{/MLDSA_tb/uut/data_path_inst/NTT_/out_d_5}} {{/MLDSA_tb/uut/data_path_inst/NTT_/out_u_6}} {{/MLDSA_tb/uut/data_path_inst/NTT_/out_d_6}} {{/MLDSA_tb/uut/data_path_inst/NTT_/out_u_7}} {{/MLDSA_tb/uut/data_path_inst/NTT_/out_d_7}} 
restart
run 80 us
open_wave_config {C:/Users/fossu/Desktop/ML_DSA_Syn_new/IMP/MLDSA/SignGen_Stage3.wcfg}
restart
run 80 us
current_wave_config {SignGen_Stage3.wcfg}
add_wave {{/MLDSA_tb/uut/data_path_inst/Sampler_/ExpandMASK_/sampler_temp}} 
restart
run 80 us
close_sim
