#-----------------------------------------------------------
# Vivado v2023.2 (64-bit)
# SW Build 4029153 on Fri Oct 13 20:14:34 MDT 2023
# IP Build 4028589 on Sat Oct 14 00:45:43 MDT 2023
# SharedData Build 4025554 on Tue Oct 10 17:18:54 MDT 2023
# Start of session at: Wed Apr  9 20:21:11 2025
# Process ID: 24092
# Current directory: C:/Users/USER/Desktop/ML_DSA_syn_new/IMP/MLDSA
# Command line: vivado.exe -gui_launcher_event rodinguilauncherevent11648 C:\Users\USER\Desktop\ML_DSA_syn_new\IMP\MLDSA\MLDSA.xpr
# Log file: C:/Users/USER/Desktop/ML_DSA_syn_new/IMP/MLDSA/vivado.log
# Journal file: C:/Users/USER/Desktop/ML_DSA_syn_new/IMP/MLDSA\vivado.jou
# Running On: LAPTOP-2P71OMBV, OS: Windows, CPU Frequency: 3194 MHz, CPU Physical cores: 16, Host memory: 16542 MB
#-----------------------------------------------------------
start_gui
open_project C:/Users/USER/Desktop/ML_DSA_syn_new/IMP/MLDSA/MLDSA.xpr
update_compile_order -fileset sources_1
launch_simulation
open_wave_config C:/Users/USER/Desktop/ML_DSA_syn_new/IMP/MLDSA/MLDSA_tb_behav.wcfg
open_wave_config C:/Users/USER/Desktop/ML_DSA_syn_new/IMP/MLDSA/MLDSA_tb_behav1.wcfg
open_wave_config C:/Users/USER/Desktop/ML_DSA_syn_new/IMP/MLDSA/KeyGen_Stage4.wcfg
open_wave_config C:/Users/USER/Desktop/ML_DSA_syn_new/IMP/MLDSA/KeyGen_Stage5.wcfg
open_wave_config C:/Users/USER/Desktop/ML_DSA_syn_new/IMP/MLDSA/KeyGen_Stage3.wcfg
open_wave_config C:/Users/USER/Desktop/ML_DSA_syn_new/IMP/MLDSA/KeyGen_Stage6.wcfg
open_wave_config C:/Users/USER/Desktop/ML_DSA_syn_new/IMP/MLDSA/MLDSA_tb_behav2.wcfg
source MLDSA_tb.tcl
relaunch_sim
relaunch_sim
relaunch_sim
relaunch_sim
relaunch_sim
run 10 us
run 200 us
save_wave_config {C:/Users/USER/Desktop/ML_DSA_syn_new/IMP/MLDSA/KeyGen_Stage6.wcfg}
relaunch_sim
create_wave_config
current_wave_config {Untitled 1}
add_wave {{/MLDSA_tb/uut/data_path_inst/clk}} {{/MLDSA_tb/uut/data_path_inst/reset}} {{/MLDSA_tb/uut/data_path_inst/ctrl_sign}} 
current_wave_config {Untitled 1}
add_wave {{/MLDSA_tb/uut/data_path_inst/AG_4/addr_adder}} {{/MLDSA_tb/uut/data_path_inst/AG_4/last_addr}} {{/MLDSA_tb/uut/data_path_inst/AG_4/star_addr}} {{/MLDSA_tb/uut/data_path_inst/AG_4/triger}} {{/MLDSA_tb/uut/data_path_inst/AG_4/pause}} {{/MLDSA_tb/uut/data_path_inst/AG_4/clean}} {{/MLDSA_tb/uut/data_path_inst/AG_4/addr_en}} {{/MLDSA_tb/uut/data_path_inst/AG_4/addr_a}} {{/MLDSA_tb/uut/data_path_inst/AG_4/addr_b}} {{/MLDSA_tb/uut/data_path_inst/AG_4/data_valid}} {{/MLDSA_tb/uut/data_path_inst/AG_4/done}} {{/MLDSA_tb/uut/data_path_inst/AG_4/cnt_en}} {{/MLDSA_tb/uut/data_path_inst/AG_4/cnt}} 
current_wave_config {Untitled 1}
add_wave {{/MLDSA_tb/uut/data_path_inst/DM/s2_addr_a}} {{/MLDSA_tb/uut/data_path_inst/DM/s2_addr_b}} {{/MLDSA_tb/uut/data_path_inst/DM/s2_en_a}} {{/MLDSA_tb/uut/data_path_inst/DM/s2_en_b}} 
current_wave_config {Untitled 1}
add_wave {{/MLDSA_tb/uut/data_path_inst/DM/s2_q_a}} {{/MLDSA_tb/uut/data_path_inst/DM/s2_q_b}} 
current_wave_config {Untitled 1}
add_wave {{/MLDSA_tb/uut/data_path_inst/DM/temp_0_addr_a}} {{/MLDSA_tb/uut/data_path_inst/DM/temp_0_addr_b}} {{/MLDSA_tb/uut/data_path_inst/DM/temp_0_en_a}} {{/MLDSA_tb/uut/data_path_inst/DM/temp_0_en_b}} 
current_wave_config {Untitled 1}
add_wave {{/MLDSA_tb/uut/data_path_inst/DM/temp_0_q_a}} {{/MLDSA_tb/uut/data_path_inst/DM/temp_0_q_b}} 
current_wave_config {Untitled 1}
add_wave {{/MLDSA_tb/uut/data_path_inst/DM/t_data_a}} {{/MLDSA_tb/uut/data_path_inst/DM/t_data_b}} {{/MLDSA_tb/uut/data_path_inst/DM/t_addr_a}} {{/MLDSA_tb/uut/data_path_inst/DM/t_addr_b}} {{/MLDSA_tb/uut/data_path_inst/DM/t_en_a}} {{/MLDSA_tb/uut/data_path_inst/DM/t_en_b}} {{/MLDSA_tb/uut/data_path_inst/DM/t_we_a}} {{/MLDSA_tb/uut/data_path_inst/DM/t_we_b}} {{/MLDSA_tb/uut/data_path_inst/DM/t_q_a}} {{/MLDSA_tb/uut/data_path_inst/DM/t_q_b}} 
run 200 us
current_wave_config {Untitled 1}
add_wave {{/MLDSA_tb/uut/data_path_inst/PWM_/mode}} 
current_wave_config {Untitled 1}
add_wave {{/MLDSA_tb/uut/data_path_inst/PWM_/in_a1}} {{/MLDSA_tb/uut/data_path_inst/PWM_/in_a2}} 
current_wave_config {Untitled 1}
add_wave {{/MLDSA_tb/uut/data_path_inst/PWM_/out_a}} 
current_wave_config {Untitled 1}
add_wave {{/MLDSA_tb/uut/data_path_inst/PWM_/in_b1}} {{/MLDSA_tb/uut/data_path_inst/PWM_/in_b2}} {{/MLDSA_tb/uut/data_path_inst/PWM_/out_b}} 
restart
run 200 us
run 200 us
relaunch_sim
run 200 us
relaunch_sim
run 200 us
save_wave_config {C:/Users/USER/Desktop/ML_DSA_syn_new/IMP/MLDSA/MLDSA_tb_behav7.wcfg}
add_files -fileset sim_1 -norecurse C:/Users/USER/Desktop/ML_DSA_syn_new/IMP/MLDSA/MLDSA_tb_behav7.wcfg
set_property xsim.view {C:/Users/USER/Desktop/ML_DSA_syn_new/IMP/MLDSA/MLDSA_tb_behav.wcfg C:/Users/USER/Desktop/ML_DSA_syn_new/IMP/MLDSA/MLDSA_tb_behav1.wcfg C:/Users/USER/Desktop/ML_DSA_syn_new/IMP/MLDSA/KeyGen_Stage4.wcfg C:/Users/USER/Desktop/ML_DSA_syn_new/IMP/MLDSA/KeyGen_Stage5.wcfg C:/Users/USER/Desktop/ML_DSA_syn_new/IMP/MLDSA/KeyGen_Stage3.wcfg C:/Users/USER/Desktop/ML_DSA_syn_new/IMP/MLDSA/KeyGen_Stage6.wcfg C:/Users/USER/Desktop/ML_DSA_syn_new/IMP/MLDSA/MLDSA_tb_behav2.wcfg C:/Users/USER/Desktop/ML_DSA_syn_new/IMP/MLDSA/MLDSA_tb_behav7.wcfg} [get_filesets sim_1]
relaunch_sim
relaunch_sim
run 200 us
current_wave_config {MLDSA_tb_behav7.wcfg}
add_wave {{/MLDSA_tb/uut/controller_inst/PWM_done_tmp}} 
restart
run 200 us
run 200 us
save_wave_config {C:/Users/USER/Desktop/ML_DSA_syn_new/IMP/MLDSA/MLDSA_tb_behav7.wcfg}
relaunch_sim
run 200 us
relaunch_sim
run 200 us
relaunch_sim
run 200 us
current_wave_config {MLDSA_tb_behav7.wcfg}
add_wave {{/MLDSA_tb/uut/data_path_inst/enc_/sec_lvl}} {{/MLDSA_tb/uut/data_path_inst/enc_/encode_mode}} {{/MLDSA_tb/uut/data_path_inst/enc_/valid_i}} {{/MLDSA_tb/uut/data_path_inst/enc_/ready_i}} {{/MLDSA_tb/uut/data_path_inst/enc_/di}} {{/MLDSA_tb/uut/data_path_inst/enc_/dout}} {{/MLDSA_tb/uut/data_path_inst/enc_/valid_o}} {{/MLDSA_tb/uut/data_path_inst/enc_/ready_o}} 
restart
run 200 us
run 200 us
relaunch_sim
run 200 us
current_wave_config {MLDSA_tb_behav7.wcfg}
add_wave {{/MLDSA_tb/uut/data_path_inst/enc_/\genblk1[0].UNCENTER /mode}} {{/MLDSA_tb/uut/data_path_inst/enc_/\genblk1[0].UNCENTER /di}} {{/MLDSA_tb/uut/data_path_inst/enc_/\genblk1[0].UNCENTER /dout}} {{/MLDSA_tb/uut/data_path_inst/enc_/\genblk1[0].UNCENTER /t1}} 
restart
run 200 us
run 200 us
relaunch_sim
run 200 us
open_wave_config {C:/Users/USER/Desktop/ML_DSA_syn_new/IMP/MLDSA/KeyGen_Stage3.wcfg}
restart
run 200 us
run 200 us
current_wave_config {KeyGen_Stage3.wcfg}
add_wave {{/MLDSA_tb/uut/controller_inst/ctrl_sign}} 
current_wave_config {KeyGen_Stage3.wcfg}
add_wave {{/MLDSA_tb/uut/data_path_inst/DM/s2_data_a}} {{/MLDSA_tb/uut/data_path_inst/DM/s2_data_b}} {{/MLDSA_tb/uut/data_path_inst/DM/s2_addr_a}} {{/MLDSA_tb/uut/data_path_inst/DM/s2_addr_b}} {{/MLDSA_tb/uut/data_path_inst/DM/s2_en_a}} {{/MLDSA_tb/uut/data_path_inst/DM/s2_en_b}} {{/MLDSA_tb/uut/data_path_inst/DM/s2_we_a}} {{/MLDSA_tb/uut/data_path_inst/DM/s2_we_b}} {{/MLDSA_tb/uut/data_path_inst/DM/s2_q_a}} {{/MLDSA_tb/uut/data_path_inst/DM/s2_q_b}} 
restart
run 200 us
run 200 us
relaunch_sim
run 200 us
run 200 us
current_wave_config {MLDSA_tb_behav7.wcfg}
add_wave {{/MLDSA_tb/uut/data_path_inst/enc_/\genblk1[1].UNCENTER /di}} {{/MLDSA_tb/uut/data_path_inst/enc_/\genblk1[1].UNCENTER /dout}} {{/MLDSA_tb/uut/data_path_inst/enc_/\genblk1[1].UNCENTER /t1}} 
restart
run 200 us
run 200 us
open_wave_config {C:/Users/USER/Desktop/ML_DSA_syn_new/IMP/MLDSA/KeyGen_Stage5.wcfg}
restart
run 200 us
run 200 us
relaunch_sim
run 200 us
relaunch_sim
relaunch_sim
relaunch_sim
relaunch_sim
run 200 us
relaunch_sim
run 200 us
relaunch_sim
run 200 us
relaunch_sim
run 200 us
relaunch_sim
run 200 us
relaunch_sim
run 200 us
relaunch_sim
run 200 us
relaunch_sim
run 200 us
relaunch_sim
relaunch_sim
run 200 us
relaunch_sim
run 200 us
relaunch_sim
run 200 us
relaunch_sim
run 200 us
relaunch_sim
run 200 us
save_wave_config {C:/Users/USER/Desktop/ML_DSA_syn_new/IMP/MLDSA/KeyGen_Stage5.wcfg}
save_wave_config {C:/Users/USER/Desktop/ML_DSA_syn_new/IMP/MLDSA/KeyGen_Stage3.wcfg}
save_wave_config {C:/Users/USER/Desktop/ML_DSA_syn_new/IMP/MLDSA/MLDSA_tb_behav7.wcfg}
close_sim
launch_simulation
open_wave_config C:/Users/USER/Desktop/ML_DSA_syn_new/IMP/MLDSA/MLDSA_tb_behav.wcfg
open_wave_config C:/Users/USER/Desktop/ML_DSA_syn_new/IMP/MLDSA/MLDSA_tb_behav1.wcfg
open_wave_config C:/Users/USER/Desktop/ML_DSA_syn_new/IMP/MLDSA/KeyGen_Stage4.wcfg
open_wave_config C:/Users/USER/Desktop/ML_DSA_syn_new/IMP/MLDSA/KeyGen_Stage5.wcfg
open_wave_config C:/Users/USER/Desktop/ML_DSA_syn_new/IMP/MLDSA/KeyGen_Stage3.wcfg
open_wave_config C:/Users/USER/Desktop/ML_DSA_syn_new/IMP/MLDSA/KeyGen_Stage6.wcfg
open_wave_config C:/Users/USER/Desktop/ML_DSA_syn_new/IMP/MLDSA/MLDSA_tb_behav2.wcfg
open_wave_config C:/Users/USER/Desktop/ML_DSA_syn_new/IMP/MLDSA/MLDSA_tb_behav7.wcfg
source MLDSA_tb.tcl
run 200 us
relaunch_sim
run 200 us
relaunch_sim
run 200 us
relaunch_sim
run 200 us
relaunch_sim
run 200 us
current_wave_config {KeyGen_Stage5.wcfg}
add_wave {{/MLDSA_tb/uut/controller_inst/PWM_done}} 
restart
run 200 us
run 200 us
relaunch_sim
run 200 us
relaunch_sim
run 200 us
current_wave_config {KeyGen_Stage5.wcfg}
add_wave {{/MLDSA_tb/uut/data_path_inst/AG_4/done}} 
relaunch_sim
run 200 us
relaunch_sim
run 200 us
relaunch_sim
relaunch_sim
run 200 us
relaunch_sim
run 200 us
relaunch_sim
relaunch_sim
run 200 us
relaunch_sim
relaunch_sim
relaunch_sim
run 200 us
relaunch_sim
relaunch_sim
run 200 us
relaunch_sim
relaunch_sim
run 200 us
relaunch_sim
run 200 us
open_wave_config {C:/Users/USER/Desktop/ML_DSA_syn_new/IMP/MLDSA/MLDSA_tb_behav7.wcfg}
restart
run 200 us
run 200 us
relaunch_sim
run 200 us
relaunch_sim
relaunch_sim
relaunch_sim
run 200 us
relaunch_sim
relaunch_sim
run 200 us
current_wave_config {MLDSA_tb_behav7.wcfg}
add_wave {{/MLDSA_tb/uut/data_path_inst/AG_2/addr_adder}} {{/MLDSA_tb/uut/data_path_inst/AG_2/last_addr}} {{/MLDSA_tb/uut/data_path_inst/AG_2/star_addr}} {{/MLDSA_tb/uut/data_path_inst/AG_2/triger}} {{/MLDSA_tb/uut/data_path_inst/AG_2/pause}} {{/MLDSA_tb/uut/data_path_inst/AG_2/clean}} {{/MLDSA_tb/uut/data_path_inst/AG_2/addr_en}} {{/MLDSA_tb/uut/data_path_inst/AG_2/addr_a}} {{/MLDSA_tb/uut/data_path_inst/AG_2/addr_b}} {{/MLDSA_tb/uut/data_path_inst/AG_2/data_valid}} {{/MLDSA_tb/uut/data_path_inst/AG_2/done}} {{/MLDSA_tb/uut/data_path_inst/AG_2/cnt_en}} {{/MLDSA_tb/uut/data_path_inst/AG_2/cnt}} 
current_wave_config {MLDSA_tb_behav7.wcfg}
add_wave {{/MLDSA_tb/uut/data_path_inst/AG_3/addr_adder}} {{/MLDSA_tb/uut/data_path_inst/AG_3/last_addr}} {{/MLDSA_tb/uut/data_path_inst/AG_3/star_addr}} {{/MLDSA_tb/uut/data_path_inst/AG_3/triger}} {{/MLDSA_tb/uut/data_path_inst/AG_3/pause}} {{/MLDSA_tb/uut/data_path_inst/AG_3/clean}} {{/MLDSA_tb/uut/data_path_inst/AG_3/addr_en}} {{/MLDSA_tb/uut/data_path_inst/AG_3/addr_a}} {{/MLDSA_tb/uut/data_path_inst/AG_3/addr_b}} {{/MLDSA_tb/uut/data_path_inst/AG_3/data_valid}} {{/MLDSA_tb/uut/data_path_inst/AG_3/done}} {{/MLDSA_tb/uut/data_path_inst/AG_3/cnt_en}} {{/MLDSA_tb/uut/data_path_inst/AG_3/cnt}} 
restart
run 200 us
run 200 us
relaunch_sim
run 200 us
relaunch_sim
relaunch_sim
run 200 us
relaunch_sim
run 200 us
relaunch_sim
relaunch_sim
run 200 us
relaunch_sim
run 200 us
run 200 us
relaunch_sim
relaunch_sim
run 200 us
current_wave_config {MLDSA_tb_behav7.wcfg}
add_wave {{/MLDSA_tb/uut/data_path_inst/DM/t_pack/data_a}} {{/MLDSA_tb/uut/data_path_inst/DM/t_pack/data_b}} {{/MLDSA_tb/uut/data_path_inst/DM/t_pack/addr_a}} {{/MLDSA_tb/uut/data_path_inst/DM/t_pack/addr_b}} {{/MLDSA_tb/uut/data_path_inst/DM/t_pack/en_a}} {{/MLDSA_tb/uut/data_path_inst/DM/t_pack/en_b}} {{/MLDSA_tb/uut/data_path_inst/DM/t_pack/we_a}} {{/MLDSA_tb/uut/data_path_inst/DM/t_pack/we_b}} 
restart
run 200 us
run 200 us
relaunch_sim
relaunch_sim
run 200 us
save_wave_config {C:/Users/USER/Desktop/ML_DSA_syn_new/IMP/MLDSA/MLDSA_tb_behav7.wcfg}
save_wave_config {C:/Users/USER/Desktop/ML_DSA_syn_new/IMP/MLDSA/KeyGen_Stage5.wcfg}
close_sim
