#-----------------------------------------------------------
# Vivado v2023.2 (64-bit)
# SW Build 4029153 on Fri Oct 13 20:14:34 MDT 2023
# IP Build 4028589 on Sat Oct 14 00:45:43 MDT 2023
# SharedData Build 4025554 on Tue Oct 10 17:18:54 MDT 2023
# Start of session at: Mon May 12 00:51:33 2025
# Process ID: 17572
# Current directory: C:/Users/fossu/Desktop/ML_DSA_Syn_new/IMP3/MLDSA/MLDSA.sim/sim_1/behav/xsim
# Command line: vivado.exe -gui_launcher_event rodinguilauncherevent12924 C:\Users\fossu\Desktop\ML_DSA_Syn_new\IMP3\MLDSA\MLDSA.sim\sim_1\behav\xsim\MLDSA_tb_behav.wdb
# Log file: C:/Users/fossu/Desktop/ML_DSA_Syn_new/IMP3/MLDSA/MLDSA.sim/sim_1/behav/xsim/vivado.log
# Journal file: C:/Users/fossu/Desktop/ML_DSA_Syn_new/IMP3/MLDSA/MLDSA.sim/sim_1/behav/xsim\vivado.jou
# Running On: DESKTOP-5RUADSS, OS: Windows, CPU Frequency: 3593 MHz, CPU Physical cores: 12, Host memory: 34287 MB
#-----------------------------------------------------------
start_gui
open_wave_database {C:\Users\fossu\Desktop\ML_DSA_Syn_new\IMP3\MLDSA\MLDSA.sim\sim_1\behav\xsim\MLDSA_tb_behav.wdb}
close_sim
