#-----------------------------------------------------------
# Vivado v2023.2 (64-bit)
# SW Build 4029153 on Fri Oct 13 20:14:34 MDT 2023
# IP Build 4028589 on Sat Oct 14 00:45:43 MDT 2023
# SharedData Build 4025554 on Tue Oct 10 17:18:54 MDT 2023
# Start of session at: Wed May  7 18:38:48 2025
# Process ID: 5808
# Current directory: C:/Users/fossu/Desktop/ML_DSA_Syn_new/IMP3/MLDSA/MLDSA.runs/Ture_Dual_Port_RAM_23x1024_synth_1
# Command line: vivado.exe -log Ture_Dual_Port_RAM_23x1024.vds -product Vivado -mode batch -messageDb vivado.pb -notrace -source Ture_Dual_Port_RAM_23x1024.tcl
# Log file: C:/Users/fossu/Desktop/ML_DSA_Syn_new/IMP3/MLDSA/MLDSA.runs/Ture_Dual_Port_RAM_23x1024_synth_1/Ture_Dual_Port_RAM_23x1024.vds
# Journal file: C:/Users/fossu/Desktop/ML_DSA_Syn_new/IMP3/MLDSA/MLDSA.runs/Ture_Dual_Port_RAM_23x1024_synth_1\vivado.jou
# Running On: DESKTOP-5RUADSS, OS: Windows, CPU Frequency: 3593 MHz, CPU Physical cores: 12, Host memory: 34287 MB
#-----------------------------------------------------------
source Ture_Dual_Port_RAM_23x1024.tcl -notrace
