#-----------------------------------------------------------
# Vivado v2023.2 (64-bit)
# SW Build 4029153 on Fri Oct 13 20:14:34 MDT 2023
# IP Build 4028589 on Sat Oct 14 00:45:43 MDT 2023
# SharedData Build 4025554 on Tue Oct 10 17:18:54 MDT 2023
# Start of session at: Fri May  9 14:45:54 2025
# Process ID: 14684
# Current directory: C:/Users/fossu/Desktop/ML_DSA_Syn_new/IMP3/MLDSA
# Command line: vivado.exe -gui_launcher_event rodinguilauncherevent11860 C:\Users\fossu\Desktop\ML_DSA_Syn_new\IMP3\MLDSA\MLDSA.xpr
# Log file: C:/Users/fossu/Desktop/ML_DSA_Syn_new/IMP3/MLDSA/vivado.log
# Journal file: C:/Users/fossu/Desktop/ML_DSA_Syn_new/IMP3/MLDSA\vivado.jou
# Running On: DESKTOP-5RUADSS, OS: Windows, CPU Frequency: 3593 MHz, CPU Physical cores: 12, Host memory: 34287 MB
#-----------------------------------------------------------
start_gui
open_project C:/Users/fossu/Desktop/ML_DSA_Syn_new/IMP3/MLDSA/MLDSA.xpr
update_compile_order -fileset sources_1
launch_simulation
launch_simulation
open_wave_config C:/Users/fossu/Desktop/ML_DSA_Syn_new/IMP3/MLDSA/MLDSA_tb_behav.wcfg
open_wave_config C:/Users/fossu/Desktop/ML_DSA_Syn_new/IMP3/MLDSA/KeyGen_Stage4.wcfg
open_wave_config C:/Users/fossu/Desktop/ML_DSA_Syn_new/IMP3/MLDSA/KeyGen_Stage5.wcfg
open_wave_config C:/Users/fossu/Desktop/ML_DSA_Syn_new/IMP3/MLDSA/KeyGen_Stage3.wcfg
open_wave_config C:/Users/fossu/Desktop/ML_DSA_Syn_new/IMP3/MLDSA/KeyGen_Stage6.wcfg
open_wave_config C:/Users/fossu/Desktop/ML_DSA_Syn_new/IMP3/MLDSA/KeyGen_Stage8.wcfg
open_wave_config C:/Users/fossu/Desktop/ML_DSA_Syn_new/IMP3/MLDSA/KeyGen_Stage9.wcfg
open_wave_config C:/Users/fossu/Desktop/ML_DSA_Syn_new/IMP3/MLDSA/test_decoder.wcfg
open_wave_config C:/Users/fossu/Desktop/ML_DSA_Syn_new/IMP3/MLDSA/SignGen_Stage2.wcfg
open_wave_config C:/Users/fossu/Desktop/ML_DSA_Syn_new/IMP3/MLDSA/SignGen_Stage3.wcfg
open_wave_config C:/Users/fossu/Desktop/ML_DSA_Syn_new/IMP3/MLDSA/SignGen_Stage4.wcfg
open_wave_config C:/Users/fossu/Desktop/ML_DSA_Syn_new/IMP3/MLDSA/SignGen_Stage7.wcfg
open_wave_config C:/Users/fossu/Desktop/ML_DSA_Syn_new/IMP3/MLDSA/SignGen_Stage8.wcfg
open_wave_config C:/Users/fossu/Desktop/ML_DSA_Syn_new/IMP3/MLDSA/SignGen_Stage9.wcfg
open_wave_config C:/Users/fossu/Desktop/ML_DSA_Syn_new/IMP3/MLDSA/SignGen_Stage10.wcfg
open_wave_config C:/Users/fossu/Desktop/ML_DSA_Syn_new/IMP3/MLDSA/SignGen_Stage11.wcfg
open_wave_config C:/Users/fossu/Desktop/ML_DSA_Syn_new/IMP3/MLDSA/SignGen_Stage12.wcfg
open_wave_config C:/Users/fossu/Desktop/ML_DSA_Syn_new/IMP3/MLDSA/SignGen_Stage13.wcfg
open_wave_config C:/Users/fossu/Desktop/ML_DSA_Syn_new/IMP3/MLDSA/SignGen_Stage14.wcfg
open_wave_config C:/Users/fossu/Desktop/ML_DSA_Syn_new/IMP3/MLDSA/SignGen_Stage15.wcfg
open_wave_config C:/Users/fossu/Desktop/ML_DSA_Syn_new/IMP3/MLDSA/SignGen_Stage16.wcfg
open_wave_config C:/Users/fossu/Desktop/ML_DSA_Syn_new/IMP3/MLDSA/SignGen_Stage17.wcfg
open_wave_config C:/Users/fossu/Desktop/ML_DSA_Syn_new/IMP3/MLDSA/SignGen_Stage18.wcfg
open_wave_config C:/Users/fossu/Desktop/ML_DSA_Syn_new/IMP3/MLDSA/SignGen_rejection.wcfg
open_wave_config C:/Users/fossu/Desktop/ML_DSA_Syn_new/IMP3/MLDSA/SignGen_SendOut.wcfg
open_wave_config C:/Users/fossu/Desktop/ML_DSA_Syn_new/IMP3/MLDSA/Sampler_debug.wcfg
source MLDSA_tb.tcl
open_wave_config {C:/Users/fossu/Desktop/ML_DSA_Syn_new/IMP/MLDSA/SignGen_Stage4_1.wcfg}
open_wave_config {C:/Users/fossu/Desktop/ML_DSA_Syn_new/IMP/MLDSA/SignGen_Stage6.wcfg}
run 80 us
save_wave_config {C:/Users/fossu/Desktop/ML_DSA_Syn_new/IMP/MLDSA/SignGen_Stage6.wcfg}
current_wave_config {SignGen_Stage6.wcfg}
add_wave {{/MLDSA_tb/uut/data_path_inst/AG_4/addr_adder}} {{/MLDSA_tb/uut/data_path_inst/AG_4/last_addr}} {{/MLDSA_tb/uut/data_path_inst/AG_4/star_addr}} {{/MLDSA_tb/uut/data_path_inst/AG_4/triger}} {{/MLDSA_tb/uut/data_path_inst/AG_4/pause}} {{/MLDSA_tb/uut/data_path_inst/AG_4/clean}} {{/MLDSA_tb/uut/data_path_inst/AG_4/addr_en}} {{/MLDSA_tb/uut/data_path_inst/AG_4/addr_a}} {{/MLDSA_tb/uut/data_path_inst/AG_4/addr_b}} {{/MLDSA_tb/uut/data_path_inst/AG_4/data_valid}} {{/MLDSA_tb/uut/data_path_inst/AG_4/done}} 
current_wave_config {SignGen_Stage6.wcfg}
add_wave {{/MLDSA_tb/uut/data_path_inst/AG_4/addr_adder}} {{/MLDSA_tb/uut/data_path_inst/AG_4/last_addr}} {{/MLDSA_tb/uut/data_path_inst/AG_4/star_addr}} {{/MLDSA_tb/uut/data_path_inst/AG_4/triger}} {{/MLDSA_tb/uut/data_path_inst/AG_4/pause}} {{/MLDSA_tb/uut/data_path_inst/AG_4/clean}} {{/MLDSA_tb/uut/data_path_inst/AG_4/addr_en}} {{/MLDSA_tb/uut/data_path_inst/AG_4/addr_a}} {{/MLDSA_tb/uut/data_path_inst/AG_4/addr_b}} {{/MLDSA_tb/uut/data_path_inst/AG_4/data_valid}} {{/MLDSA_tb/uut/data_path_inst/AG_4/done}} 
current_wave_config {SignGen_Stage6.wcfg}
add_wave {{/MLDSA_tb/uut/data_path_inst/DM_/temp_A_addr_a}} {{/MLDSA_tb/uut/data_path_inst/DM_/temp_A_addr_b}} {{/MLDSA_tb/uut/data_path_inst/DM_/temp_A_en_a}} {{/MLDSA_tb/uut/data_path_inst/DM_/temp_A_en_b}} 
current_wave_config {SignGen_Stage6.wcfg}
add_wave {{/MLDSA_tb/uut/data_path_inst/DM_/temp_A_q_a}} {{/MLDSA_tb/uut/data_path_inst/DM_/temp_A_q_b}} 
current_wave_config {SignGen_Stage6.wcfg}
add_wave {{/MLDSA_tb/uut/data_path_inst/DM_/temp_1_data_a}} {{/MLDSA_tb/uut/data_path_inst/DM_/temp_1_data_b}} {{/MLDSA_tb/uut/data_path_inst/DM_/temp_1_addr_a}} {{/MLDSA_tb/uut/data_path_inst/DM_/temp_1_addr_b}} {{/MLDSA_tb/uut/data_path_inst/DM_/temp_1_en_a}} {{/MLDSA_tb/uut/data_path_inst/DM_/temp_1_en_b}} {{/MLDSA_tb/uut/data_path_inst/DM_/temp_1_we_a}} {{/MLDSA_tb/uut/data_path_inst/DM_/temp_1_we_b}} 
run 80 us
run 80 us
current_wave_config {SignGen_Stage6.wcfg}
add_wave {{/MLDSA_tb/uut/data_path_inst/ctrl_sign}} 
current_wave_config {SignGen_Stage6.wcfg}
add_wave {{/MLDSA_tb/uut/data_path_inst/DM_/temp_2_data_a}} {{/MLDSA_tb/uut/data_path_inst/DM_/temp_2_data_b}} {{/MLDSA_tb/uut/data_path_inst/DM_/temp_2_addr_a}} {{/MLDSA_tb/uut/data_path_inst/DM_/temp_2_addr_b}} {{/MLDSA_tb/uut/data_path_inst/DM_/temp_2_en_a}} {{/MLDSA_tb/uut/data_path_inst/DM_/temp_2_en_b}} {{/MLDSA_tb/uut/data_path_inst/DM_/temp_2_we_a}} {{/MLDSA_tb/uut/data_path_inst/DM_/temp_2_we_b}} 
relaunch_sim
run 80 us
run 80 us
current_wave_config {SignGen_Stage6.wcfg}
add_wave {{/MLDSA_tb/uut/data_path_inst/PWM_/mode}} {{/MLDSA_tb/uut/data_path_inst/PWM_/i_valid}} {{/MLDSA_tb/uut/data_path_inst/PWM_/i_ready}} {{/MLDSA_tb/uut/data_path_inst/PWM_/o_ready}} {{/MLDSA_tb/uut/data_path_inst/PWM_/o_valid}} {{/MLDSA_tb/uut/data_path_inst/PWM_/done}} {{/MLDSA_tb/uut/data_path_inst/PWM_/in_a0}} {{/MLDSA_tb/uut/data_path_inst/PWM_/in_a1}} {{/MLDSA_tb/uut/data_path_inst/PWM_/in_a2}} {{/MLDSA_tb/uut/data_path_inst/PWM_/out_a}} {{/MLDSA_tb/uut/data_path_inst/PWM_/addr_a}} {{/MLDSA_tb/uut/data_path_inst/PWM_/in_b0}} {{/MLDSA_tb/uut/data_path_inst/PWM_/in_b1}} {{/MLDSA_tb/uut/data_path_inst/PWM_/in_b2}} {{/MLDSA_tb/uut/data_path_inst/PWM_/out_b}} {{/MLDSA_tb/uut/data_path_inst/PWM_/addr_b}} 
restart
run 80 us
run 80 us
save_wave_config {C:/Users/fossu/Desktop/ML_DSA_Syn_new/IMP/MLDSA/SignGen_Stage6.wcfg}
open_wave_config {C:/Users/fossu/Desktop/ML_DSA_Syn_new/IMP/MLDSA/SignGen_Stage5and6.wcfg}
restart
run 80 us
run 80 us
current_wave_config {SignGen_Stage5and6.wcfg}
add_wave {{/MLDSA_tb/uut/data_path_inst/DM_/temp_1_data_a}} {{/MLDSA_tb/uut/data_path_inst/DM_/temp_1_data_b}} {{/MLDSA_tb/uut/data_path_inst/DM_/temp_1_addr_a}} {{/MLDSA_tb/uut/data_path_inst/DM_/temp_1_addr_b}} {{/MLDSA_tb/uut/data_path_inst/DM_/temp_1_en_a}} {{/MLDSA_tb/uut/data_path_inst/DM_/temp_1_en_b}} {{/MLDSA_tb/uut/data_path_inst/DM_/temp_1_we_a}} {{/MLDSA_tb/uut/data_path_inst/DM_/temp_1_we_b}} 
restart
run 80 us
save_wave_config {C:/Users/fossu/Desktop/ML_DSA_Syn_new/IMP/MLDSA/SignGen_Stage5and6.wcfg}
run 80 us
relaunch_sim
relaunch_sim
run 200 us
relaunch_sim
run 200 us
open_wave_config {C:/Users/fossu/Desktop/ML_DSA_Syn_new/IMP/MLDSA/SignGen_Stage6.wcfg}
open_wave_config {C:/Users/fossu/Desktop/ML_DSA_Syn_new/IMP/MLDSA/SignGen_Stage6.wcfg}
open_wave_config {C:/Users/fossu/Desktop/ML_DSA_Syn_new/IMP/MLDSA/SignGen_Stage6.wcfg}
open_wave_config {C:/Users/fossu/Desktop/ML_DSA_Syn_new/IMP/MLDSA/SignGen_Stage4and5.wcfg}
open_wave_config {C:/Users/fossu/Desktop/ML_DSA_Syn_new/IMP3/MLDSA/SignGen_Stage7.wcfg}
current_wave_config {SignGen_Stage7.wcfg}
add_wave {{/MLDSA_tb/uut/data_path_inst/PWM_/mode}} {{/MLDSA_tb/uut/data_path_inst/PWM_/i_valid}} {{/MLDSA_tb/uut/data_path_inst/PWM_/i_ready}} {{/MLDSA_tb/uut/data_path_inst/PWM_/o_ready}} {{/MLDSA_tb/uut/data_path_inst/PWM_/o_valid}} {{/MLDSA_tb/uut/data_path_inst/PWM_/done}} {{/MLDSA_tb/uut/data_path_inst/PWM_/in_a0}} {{/MLDSA_tb/uut/data_path_inst/PWM_/in_a1}} {{/MLDSA_tb/uut/data_path_inst/PWM_/in_a2}} {{/MLDSA_tb/uut/data_path_inst/PWM_/out_a}} {{/MLDSA_tb/uut/data_path_inst/PWM_/addr_a}} {{/MLDSA_tb/uut/data_path_inst/PWM_/in_b0}} {{/MLDSA_tb/uut/data_path_inst/PWM_/in_b1}} {{/MLDSA_tb/uut/data_path_inst/PWM_/in_b2}} 
current_wave_config {SignGen_Stage7.wcfg}
add_wave {{/MLDSA_tb/uut/data_path_inst/DM_/temp_2_data_a}} {{/MLDSA_tb/uut/data_path_inst/DM_/temp_2_data_b}} {{/MLDSA_tb/uut/data_path_inst/DM_/temp_2_addr_a}} {{/MLDSA_tb/uut/data_path_inst/DM_/temp_2_addr_b}} {{/MLDSA_tb/uut/data_path_inst/DM_/temp_2_en_a}} {{/MLDSA_tb/uut/data_path_inst/DM_/temp_2_en_b}} {{/MLDSA_tb/uut/data_path_inst/DM_/temp_2_we_a}} {{/MLDSA_tb/uut/data_path_inst/DM_/temp_2_we_b}} 
restart
run 200 us
save_wave_config {C:/Users/fossu/Desktop/ML_DSA_Syn_new/IMP3/MLDSA/SignGen_Stage7.wcfg}
open_wave_config {C:/Users/fossu/Desktop/ML_DSA_Syn_new/IMP3/MLDSA/SignGen_Stage8.wcfg}
run 200 us
current_wave_config {SignGen_Stage8.wcfg}
add_wave {{/MLDSA_tb/uut/data_path_inst/DM_/temp_2_addr_a}} {{/MLDSA_tb/uut/data_path_inst/DM_/temp_2_addr_b}} {{/MLDSA_tb/uut/data_path_inst/DM_/temp_2_en_a}} {{/MLDSA_tb/uut/data_path_inst/DM_/temp_2_en_b}} 
current_wave_config {SignGen_Stage8.wcfg}
add_wave {{/MLDSA_tb/uut/data_path_inst/DM_/temp_3_data_a}} {{/MLDSA_tb/uut/data_path_inst/DM_/temp_3_data_b}} 
current_wave_config {SignGen_Stage8.wcfg}
add_wave {{/MLDSA_tb/uut/data_path_inst/NTT_/mode}} {{/MLDSA_tb/uut/data_path_inst/NTT_/i_valid}} {{/MLDSA_tb/uut/data_path_inst/NTT_/i_ready}} {{/MLDSA_tb/uut/data_path_inst/NTT_/NTT_in_u}} {{/MLDSA_tb/uut/data_path_inst/NTT_/NTT_in_d}} {{/MLDSA_tb/uut/data_path_inst/NTT_/NTT_out_u}} {{/MLDSA_tb/uut/data_path_inst/NTT_/NTT_out_d}} {{/MLDSA_tb/uut/data_path_inst/NTT_/NTT_addr_u}} {{/MLDSA_tb/uut/data_path_inst/NTT_/NTT_addr_d}} {{/MLDSA_tb/uut/data_path_inst/NTT_/o_valid}} {{/MLDSA_tb/uut/data_path_inst/NTT_/o_ready}} {{/MLDSA_tb/uut/data_path_inst/NTT_/done}} 
current_wave_config {SignGen_Stage8.wcfg}
add_wave {{/MLDSA_tb/uut/data_path_inst/DM_/temp_1_data_a}} {{/MLDSA_tb/uut/data_path_inst/DM_/temp_1_data_b}} {{/MLDSA_tb/uut/data_path_inst/DM_/temp_1_addr_a}} {{/MLDSA_tb/uut/data_path_inst/DM_/temp_1_addr_b}} {{/MLDSA_tb/uut/data_path_inst/DM_/temp_1_en_a}} {{/MLDSA_tb/uut/data_path_inst/DM_/temp_1_en_b}} {{/MLDSA_tb/uut/data_path_inst/DM_/temp_1_we_a}} {{/MLDSA_tb/uut/data_path_inst/DM_/temp_1_we_b}} 
restart
run 200 us
current_wave_config {SignGen_Stage8.wcfg}
add_wave {{/MLDSA_tb/uut/data_path_inst/DM_/temp_2_q_a}} {{/MLDSA_tb/uut/data_path_inst/DM_/temp_2_q_b}} 
restart
run 200 us
relaunch_sim
relaunch_sim
run 200 us
add_files -norecurse -scan_for_includes {C:/Users/fossu/Desktop/ML_DSA_Syn_new/IMP3/MLDSA/MLDSA.srcs/sources_1/Decomposer/Decomposer.v C:/Users/fossu/Desktop/ML_DSA_Syn_new/IMP3/MLDSA/MLDSA.srcs/sources_1/Decomposer/coeff_decomposer.v C:/Users/fossu/Desktop/ML_DSA_Syn_new/IMP3/MLDSA/MLDSA.srcs/sources_1/Decomposer/decomp_map1.v}
update_compile_order -fileset sources_1
update_compile_order -fileset sources_1
relaunch_sim
relaunch_sim
relaunch_sim
save_wave_config {C:/Users/fossu/Desktop/ML_DSA_Syn_new/IMP3/MLDSA/SignGen_Stage8.wcfg}
save_wave_config {C:/Users/fossu/Desktop/ML_DSA_Syn_new/IMP3/MLDSA/SignGen_Stage8.wcfg}
close_sim
launch_simulation
open_wave_config C:/Users/fossu/Desktop/ML_DSA_Syn_new/IMP3/MLDSA/MLDSA_tb_behav.wcfg
open_wave_config C:/Users/fossu/Desktop/ML_DSA_Syn_new/IMP3/MLDSA/KeyGen_Stage4.wcfg
open_wave_config C:/Users/fossu/Desktop/ML_DSA_Syn_new/IMP3/MLDSA/KeyGen_Stage5.wcfg
open_wave_config C:/Users/fossu/Desktop/ML_DSA_Syn_new/IMP3/MLDSA/KeyGen_Stage3.wcfg
open_wave_config C:/Users/fossu/Desktop/ML_DSA_Syn_new/IMP3/MLDSA/KeyGen_Stage6.wcfg
open_wave_config C:/Users/fossu/Desktop/ML_DSA_Syn_new/IMP3/MLDSA/KeyGen_Stage8.wcfg
open_wave_config C:/Users/fossu/Desktop/ML_DSA_Syn_new/IMP3/MLDSA/KeyGen_Stage9.wcfg
open_wave_config C:/Users/fossu/Desktop/ML_DSA_Syn_new/IMP3/MLDSA/test_decoder.wcfg
open_wave_config C:/Users/fossu/Desktop/ML_DSA_Syn_new/IMP3/MLDSA/SignGen_Stage2.wcfg
open_wave_config C:/Users/fossu/Desktop/ML_DSA_Syn_new/IMP3/MLDSA/SignGen_Stage3.wcfg
open_wave_config C:/Users/fossu/Desktop/ML_DSA_Syn_new/IMP3/MLDSA/SignGen_Stage4.wcfg
open_wave_config C:/Users/fossu/Desktop/ML_DSA_Syn_new/IMP3/MLDSA/SignGen_Stage7.wcfg
open_wave_config C:/Users/fossu/Desktop/ML_DSA_Syn_new/IMP3/MLDSA/SignGen_Stage8.wcfg
open_wave_config C:/Users/fossu/Desktop/ML_DSA_Syn_new/IMP3/MLDSA/SignGen_Stage9.wcfg
open_wave_config C:/Users/fossu/Desktop/ML_DSA_Syn_new/IMP3/MLDSA/SignGen_Stage10.wcfg
open_wave_config C:/Users/fossu/Desktop/ML_DSA_Syn_new/IMP3/MLDSA/SignGen_Stage11.wcfg
open_wave_config C:/Users/fossu/Desktop/ML_DSA_Syn_new/IMP3/MLDSA/SignGen_Stage12.wcfg
open_wave_config C:/Users/fossu/Desktop/ML_DSA_Syn_new/IMP3/MLDSA/SignGen_Stage13.wcfg
open_wave_config C:/Users/fossu/Desktop/ML_DSA_Syn_new/IMP3/MLDSA/SignGen_Stage14.wcfg
open_wave_config C:/Users/fossu/Desktop/ML_DSA_Syn_new/IMP3/MLDSA/SignGen_Stage15.wcfg
open_wave_config C:/Users/fossu/Desktop/ML_DSA_Syn_new/IMP3/MLDSA/SignGen_Stage16.wcfg
open_wave_config C:/Users/fossu/Desktop/ML_DSA_Syn_new/IMP3/MLDSA/SignGen_Stage17.wcfg
open_wave_config C:/Users/fossu/Desktop/ML_DSA_Syn_new/IMP3/MLDSA/SignGen_Stage18.wcfg
open_wave_config C:/Users/fossu/Desktop/ML_DSA_Syn_new/IMP3/MLDSA/SignGen_rejection.wcfg
open_wave_config C:/Users/fossu/Desktop/ML_DSA_Syn_new/IMP3/MLDSA/SignGen_SendOut.wcfg
open_wave_config C:/Users/fossu/Desktop/ML_DSA_Syn_new/IMP3/MLDSA/Sampler_debug.wcfg
source MLDSA_tb.tcl
run 200 us
open_wave_config {C:/Users/fossu/Desktop/ML_DSA_Syn_new/IMP3/MLDSA/SignGen_Stage8.wcfg}
open_wave_config {C:/Users/fossu/Desktop/ML_DSA_Syn_new/IMP3/MLDSA/SignGen_Stage9.wcfg}
current_wave_config {SignGen_Stage9.wcfg}
add_wave {{/MLDSA_tb/uut/data_path_inst/DM_/temp_2_addr_a}} {{/MLDSA_tb/uut/data_path_inst/DM_/temp_2_addr_b}} {{/MLDSA_tb/uut/data_path_inst/DM_/temp_2_en_a}} {{/MLDSA_tb/uut/data_path_inst/DM_/temp_2_en_b}} 
current_wave_config {SignGen_Stage9.wcfg}
add_wave {{/MLDSA_tb/uut/data_path_inst/DM_/temp_2_data_a}} {{/MLDSA_tb/uut/data_path_inst/DM_/temp_2_data_b}} {{/MLDSA_tb/uut/data_path_inst/DM_/temp_2_addr_a}} {{/MLDSA_tb/uut/data_path_inst/DM_/temp_2_addr_b}} {{/MLDSA_tb/uut/data_path_inst/DM_/temp_2_en_a}} {{/MLDSA_tb/uut/data_path_inst/DM_/temp_2_en_b}} {{/MLDSA_tb/uut/data_path_inst/DM_/temp_2_we_a}} {{/MLDSA_tb/uut/data_path_inst/DM_/temp_2_we_b}} 
current_wave_config {SignGen_Stage9.wcfg}
add_wave {{/MLDSA_tb/uut/data_path_inst/DM_/temp_1_addr_a}} {{/MLDSA_tb/uut/data_path_inst/DM_/temp_1_addr_b}} {{/MLDSA_tb/uut/data_path_inst/DM_/temp_1_en_a}} {{/MLDSA_tb/uut/data_path_inst/DM_/temp_1_en_b}} 
current_wave_config {SignGen_Stage9.wcfg}
add_wave {{/MLDSA_tb/uut/data_path_inst/DM_/temp_1_q_a}} {{/MLDSA_tb/uut/data_path_inst/DM_/temp_1_q_b}} 
current_wave_config {SignGen_Stage9.wcfg}
add_wave {{/MLDSA_tb/uut/data_path_inst/Decomp_/valid_i}} {{/MLDSA_tb/uut/data_path_inst/Decomp_/ready_i}} {{/MLDSA_tb/uut/data_path_inst/Decomp_/di}} {{/MLDSA_tb/uut/data_path_inst/Decomp_/doa}} {{/MLDSA_tb/uut/data_path_inst/Decomp_/dob}} {{/MLDSA_tb/uut/data_path_inst/Decomp_/valid_o}} {{/MLDSA_tb/uut/data_path_inst/Decomp_/ready_o}} 
restart
run 200 us
relaunch_sim
run 200 us
open_wave_config {C:/Users/fossu/Desktop/ML_DSA_Syn_new/IMP3/MLDSA/SignGen_Stage2.wcfg}
open_wave_config {C:/Users/fossu/Desktop/ML_DSA_Syn_new/IMP3/MLDSA/SignGen_Stage3.wcfg}
current_wave_config {SignGen_Stage2.wcfg}
add_wave {{/MLDSA_tb/uut/data_path_inst/DM_/temp_L_data_a}} {{/MLDSA_tb/uut/data_path_inst/DM_/temp_L_data_b}} {{/MLDSA_tb/uut/data_path_inst/DM_/temp_L_addr_a}} {{/MLDSA_tb/uut/data_path_inst/DM_/temp_L_addr_b}} {{/MLDSA_tb/uut/data_path_inst/DM_/temp_L_en_a}} {{/MLDSA_tb/uut/data_path_inst/DM_/temp_L_en_b}} {{/MLDSA_tb/uut/data_path_inst/DM_/temp_L_we_a}} {{/MLDSA_tb/uut/data_path_inst/DM_/temp_L_we_b}} 
restart
run 200 us
relaunch_sim
run 200 us
save_wave_config {C:/Users/fossu/Desktop/ML_DSA_Syn_new/IMP3/MLDSA/SignGen_Stage9.wcfg}
save_wave_config {C:/Users/fossu/Desktop/ML_DSA_Syn_new/IMP3/MLDSA/SignGen_Stage2.wcfg}
open_wave_config {C:/Users/fossu/Desktop/ML_DSA_Syn_new/IMP3/MLDSA/SignGen_Stage10.wcfg}
run 200 us
current_wave_config {SignGen_Stage10.wcfg}
add_wave {{/MLDSA_tb/uut/data_path_inst/AG_2/addr_adder}} {{/MLDSA_tb/uut/data_path_inst/AG_2/last_addr}} {{/MLDSA_tb/uut/data_path_inst/AG_2/star_addr}} {{/MLDSA_tb/uut/data_path_inst/AG_2/triger}} {{/MLDSA_tb/uut/data_path_inst/AG_2/pause}} {{/MLDSA_tb/uut/data_path_inst/AG_2/clean}} {{/MLDSA_tb/uut/data_path_inst/AG_2/addr_en}} {{/MLDSA_tb/uut/data_path_inst/AG_2/addr_a}} {{/MLDSA_tb/uut/data_path_inst/AG_2/addr_b}} {{/MLDSA_tb/uut/data_path_inst/AG_2/data_valid}} {{/MLDSA_tb/uut/data_path_inst/AG_2/done}} 
current_wave_config {SignGen_Stage10.wcfg}
add_wave {{/MLDSA_tb/uut/data_path_inst/DM_/temp_2_addr_a}} {{/MLDSA_tb/uut/data_path_inst/DM_/temp_2_addr_b}} {{/MLDSA_tb/uut/data_path_inst/DM_/temp_2_en_a}} {{/MLDSA_tb/uut/data_path_inst/DM_/temp_2_en_b}} 
current_wave_config {SignGen_Stage10.wcfg}
add_wave {{/MLDSA_tb/uut/data_path_inst/DM_/temp_2_q_a}} {{/MLDSA_tb/uut/data_path_inst/DM_/temp_2_q_b}} 
current_wave_config {SignGen_Stage10.wcfg}
add_wave {{/MLDSA_tb/uut/data_path_inst/Enc_/encode_mode}} {{/MLDSA_tb/uut/data_path_inst/Enc_/valid_i}} {{/MLDSA_tb/uut/data_path_inst/Enc_/ready_i}} {{/MLDSA_tb/uut/data_path_inst/Enc_/di}} {{/MLDSA_tb/uut/data_path_inst/Enc_/dout}} {{/MLDSA_tb/uut/data_path_inst/Enc_/valid_o}} {{/MLDSA_tb/uut/data_path_inst/Enc_/ready_o}} {{/MLDSA_tb/uut/data_path_inst/Enc_/ENCODE_LVL}} {{/MLDSA_tb/uut/data_path_inst/Enc_/mode}} 
restart
run 200 us
save_wave_config {C:/Users/fossu/Desktop/ML_DSA_Syn_new/IMP3/MLDSA/SignGen_Stage10.wcfg}
relaunch_sim
run 200 us
run 200 us
open_wave_config {C:/Users/fossu/Desktop/ML_DSA_Syn_new/IMP3/MLDSA/SignGen_Stage9.wcfg}
relaunch_sim
run 200 us
relaunch_sim
run 200 us
current_wave_config {SignGen_Stage9.wcfg}
add_wave {{/MLDSA_tb/uut/controller_inst/Decomposer_done_tmp}} 
restart
run 200 us
relaunch_sim
run 200 us
save_wave_config {C:/Users/fossu/Desktop/ML_DSA_Syn_new/IMP3/MLDSA/SignGen_Stage10.wcfg}
relaunch_sim
run 200 us
save_wave_config {C:/Users/fossu/Desktop/ML_DSA_Syn_new/IMP3/MLDSA/SignGen_Stage9.wcfg}
save_wave_config {C:/Users/fossu/Desktop/ML_DSA_Syn_new/IMP3/MLDSA/SignGen_Stage9.wcfg}
close_sim
launch_simulation
launch_simulation
open_wave_config C:/Users/fossu/Desktop/ML_DSA_Syn_new/IMP3/MLDSA/MLDSA_tb_behav.wcfg
open_wave_config C:/Users/fossu/Desktop/ML_DSA_Syn_new/IMP3/MLDSA/KeyGen_Stage4.wcfg
open_wave_config C:/Users/fossu/Desktop/ML_DSA_Syn_new/IMP3/MLDSA/KeyGen_Stage5.wcfg
open_wave_config C:/Users/fossu/Desktop/ML_DSA_Syn_new/IMP3/MLDSA/KeyGen_Stage3.wcfg
open_wave_config C:/Users/fossu/Desktop/ML_DSA_Syn_new/IMP3/MLDSA/KeyGen_Stage6.wcfg
open_wave_config C:/Users/fossu/Desktop/ML_DSA_Syn_new/IMP3/MLDSA/KeyGen_Stage8.wcfg
open_wave_config C:/Users/fossu/Desktop/ML_DSA_Syn_new/IMP3/MLDSA/KeyGen_Stage9.wcfg
open_wave_config C:/Users/fossu/Desktop/ML_DSA_Syn_new/IMP3/MLDSA/test_decoder.wcfg
open_wave_config C:/Users/fossu/Desktop/ML_DSA_Syn_new/IMP3/MLDSA/SignGen_Stage2.wcfg
open_wave_config C:/Users/fossu/Desktop/ML_DSA_Syn_new/IMP3/MLDSA/SignGen_Stage3.wcfg
open_wave_config C:/Users/fossu/Desktop/ML_DSA_Syn_new/IMP3/MLDSA/SignGen_Stage4.wcfg
open_wave_config C:/Users/fossu/Desktop/ML_DSA_Syn_new/IMP3/MLDSA/SignGen_Stage7.wcfg
open_wave_config C:/Users/fossu/Desktop/ML_DSA_Syn_new/IMP3/MLDSA/SignGen_Stage8.wcfg
open_wave_config C:/Users/fossu/Desktop/ML_DSA_Syn_new/IMP3/MLDSA/SignGen_Stage9.wcfg
open_wave_config C:/Users/fossu/Desktop/ML_DSA_Syn_new/IMP3/MLDSA/SignGen_Stage10.wcfg
open_wave_config C:/Users/fossu/Desktop/ML_DSA_Syn_new/IMP3/MLDSA/SignGen_Stage11.wcfg
open_wave_config C:/Users/fossu/Desktop/ML_DSA_Syn_new/IMP3/MLDSA/SignGen_Stage12.wcfg
open_wave_config C:/Users/fossu/Desktop/ML_DSA_Syn_new/IMP3/MLDSA/SignGen_Stage13.wcfg
open_wave_config C:/Users/fossu/Desktop/ML_DSA_Syn_new/IMP3/MLDSA/SignGen_Stage14.wcfg
open_wave_config C:/Users/fossu/Desktop/ML_DSA_Syn_new/IMP3/MLDSA/SignGen_Stage15.wcfg
open_wave_config C:/Users/fossu/Desktop/ML_DSA_Syn_new/IMP3/MLDSA/SignGen_Stage16.wcfg
open_wave_config C:/Users/fossu/Desktop/ML_DSA_Syn_new/IMP3/MLDSA/SignGen_Stage17.wcfg
open_wave_config C:/Users/fossu/Desktop/ML_DSA_Syn_new/IMP3/MLDSA/SignGen_Stage18.wcfg
open_wave_config C:/Users/fossu/Desktop/ML_DSA_Syn_new/IMP3/MLDSA/SignGen_rejection.wcfg
open_wave_config C:/Users/fossu/Desktop/ML_DSA_Syn_new/IMP3/MLDSA/SignGen_SendOut.wcfg
open_wave_config C:/Users/fossu/Desktop/ML_DSA_Syn_new/IMP3/MLDSA/Sampler_debug.wcfg
source MLDSA_tb.tcl
open_wave_config {C:/Users/fossu/Desktop/ML_DSA_Syn_new/IMP3/MLDSA/SignGen_Stage10.wcfg}
run 200 us
open_wave_config {C:/Users/fossu/Desktop/ML_DSA_Syn_new/IMP3/MLDSA/SignGen_Stage9.wcfg}
save_wave_config {C:/Users/fossu/Desktop/ML_DSA_Syn_new/IMP3/MLDSA/SignGen_Stage9.wcfg}
relaunch_sim
relaunch_sim
run 200 us
relaunch_sim
run 200 us
current_wave_config {SignGen_Stage10.wcfg}
add_wave {{/MLDSA_tb/uut/data_path_inst/AG_1/addr_adder}} {{/MLDSA_tb/uut/data_path_inst/AG_1/last_addr}} {{/MLDSA_tb/uut/data_path_inst/AG_1/star_addr}} {{/MLDSA_tb/uut/data_path_inst/AG_1/triger}} {{/MLDSA_tb/uut/data_path_inst/AG_1/pause}} {{/MLDSA_tb/uut/data_path_inst/AG_1/clean}} {{/MLDSA_tb/uut/data_path_inst/AG_1/addr_en}} {{/MLDSA_tb/uut/data_path_inst/AG_1/addr_a}} {{/MLDSA_tb/uut/data_path_inst/AG_1/addr_b}} {{/MLDSA_tb/uut/data_path_inst/AG_1/data_valid}} {{/MLDSA_tb/uut/data_path_inst/AG_1/done}} 
current_wave_config {SignGen_Stage9.wcfg}
add_wave {{/MLDSA_tb/uut/data_path_inst/DM_/temp_L_addr_a}} {{/MLDSA_tb/uut/data_path_inst/DM_/temp_L_addr_b}} {{/MLDSA_tb/uut/data_path_inst/DM_/temp_L_en_a}} {{/MLDSA_tb/uut/data_path_inst/DM_/temp_L_en_b}} 
current_wave_config {SignGen_Stage9.wcfg}
add_wave {{/MLDSA_tb/uut/data_path_inst/DM_/temp_L_q_a}} {{/MLDSA_tb/uut/data_path_inst/DM_/temp_L_q_b}} 
current_wave_config {SignGen_Stage9.wcfg}
add_wave {{/MLDSA_tb/uut/data_path_inst/KK/in}} {{/MLDSA_tb/uut/data_path_inst/KK/in_ready}} {{/MLDSA_tb/uut/data_path_inst/KK/is_last}} {{/MLDSA_tb/uut/data_path_inst/KK/squeeze}} {{/MLDSA_tb/uut/data_path_inst/KK/mode}} {{/MLDSA_tb/uut/data_path_inst/KK/sha_hold}} {{/MLDSA_tb/uut/data_path_inst/KK/byte_num}} {{/MLDSA_tb/uut/data_path_inst/KK/buffer_full}} {{/MLDSA_tb/uut/data_path_inst/KK/buffer_last}} {{/MLDSA_tb/uut/data_path_inst/KK/out}} {{/MLDSA_tb/uut/data_path_inst/KK/out_ready}} {{/MLDSA_tb/uut/data_path_inst/KK/padder_out}} {{/MLDSA_tb/uut/data_path_inst/KK/padder_out_ready}} {{/MLDSA_tb/uut/data_path_inst/KK/f_out}} {{/MLDSA_tb/uut/data_path_inst/KK/f_out_ready}} 
restart
run 200 us
relaunch_sim
run 200 us
save_wave_config {C:/Users/fossu/Desktop/ML_DSA_Syn_new/IMP3/MLDSA/SignGen_Stage9.wcfg}
current_wave_config {SignGen_Stage10.wcfg}
add_wave {{/MLDSA_tb/uut/data_path_inst/DM_/temp_L_addr_a}} {{/MLDSA_tb/uut/data_path_inst/DM_/temp_L_addr_b}} {{/MLDSA_tb/uut/data_path_inst/DM_/temp_L_en_a}} {{/MLDSA_tb/uut/data_path_inst/DM_/temp_L_en_b}} 
current_wave_config {SignGen_Stage10.wcfg}
add_wave {{/MLDSA_tb/uut/data_path_inst/DM_/temp_L_q_a}} {{/MLDSA_tb/uut/data_path_inst/DM_/temp_L_q_b}} 
restart
run 200 us
current_wave_config {SignGen_Stage10.wcfg}
add_wave {{/MLDSA_tb/uut/data_path_inst/KK/in}} {{/MLDSA_tb/uut/data_path_inst/KK/in_ready}} {{/MLDSA_tb/uut/data_path_inst/KK/is_last}} {{/MLDSA_tb/uut/data_path_inst/KK/squeeze}} {{/MLDSA_tb/uut/data_path_inst/KK/mode}} {{/MLDSA_tb/uut/data_path_inst/KK/sha_hold}} {{/MLDSA_tb/uut/data_path_inst/KK/byte_num}} {{/MLDSA_tb/uut/data_path_inst/KK/buffer_full}} {{/MLDSA_tb/uut/data_path_inst/KK/buffer_last}} {{/MLDSA_tb/uut/data_path_inst/KK/out}} {{/MLDSA_tb/uut/data_path_inst/KK/out_ready}} {{/MLDSA_tb/uut/data_path_inst/KK/padder_out}} {{/MLDSA_tb/uut/data_path_inst/KK/padder_out_ready}} {{/MLDSA_tb/uut/data_path_inst/KK/f_out}} {{/MLDSA_tb/uut/data_path_inst/KK/f_out_ready}} 
restart
run 200 us
save_wave_config {C:/Users/fossu/Desktop/ML_DSA_Syn_new/IMP3/MLDSA/SignGen_Stage10.wcfg}
relaunch_sim
run 200 us
current_wave_config {SignGen_Stage10.wcfg}
add_wave {{/MLDSA_tb/uut/data_path_inst/AG_4/addr_adder}} {{/MLDSA_tb/uut/data_path_inst/AG_4/last_addr}} {{/MLDSA_tb/uut/data_path_inst/AG_4/star_addr}} {{/MLDSA_tb/uut/data_path_inst/AG_4/triger}} {{/MLDSA_tb/uut/data_path_inst/AG_4/pause}} {{/MLDSA_tb/uut/data_path_inst/AG_4/clean}} {{/MLDSA_tb/uut/data_path_inst/AG_4/addr_en}} {{/MLDSA_tb/uut/data_path_inst/AG_4/addr_a}} {{/MLDSA_tb/uut/data_path_inst/AG_4/addr_b}} {{/MLDSA_tb/uut/data_path_inst/AG_4/data_valid}} {{/MLDSA_tb/uut/data_path_inst/AG_4/done}} 
current_wave_config {SignGen_Stage10.wcfg}
add_wave {{/MLDSA_tb/uut/data_path_inst/DM_/temp_seed_data_a}} {{/MLDSA_tb/uut/data_path_inst/DM_/temp_seed_data_b}} {{/MLDSA_tb/uut/data_path_inst/DM_/temp_seed_addr_a}} {{/MLDSA_tb/uut/data_path_inst/DM_/temp_seed_addr_b}} {{/MLDSA_tb/uut/data_path_inst/DM_/temp_seed_en_a}} {{/MLDSA_tb/uut/data_path_inst/DM_/temp_seed_en_b}} {{/MLDSA_tb/uut/data_path_inst/DM_/temp_seed_we_a}} {{/MLDSA_tb/uut/data_path_inst/DM_/temp_seed_we_b}} 
restart
run 200 us
save_wave_config {C:/Users/fossu/Desktop/ML_DSA_Syn_new/IMP3/MLDSA/SignGen_Stage10.wcfg}
relaunch_sim
run 200 us
relaunch_sim
run 200 us
open_wave_config {C:/Users/fossu/Desktop/ML_DSA_Syn_new/IMP3/MLDSA/SignGen_Stage11.wcfg}
restart
run 200 us
current_wave_config {SignGen_Stage11.wcfg}
add_wave {{/MLDSA_tb/uut/data_path_inst/DM_/temp_seed_addr_a}} {{/MLDSA_tb/uut/data_path_inst/DM_/temp_seed_addr_b}} {{/MLDSA_tb/uut/data_path_inst/DM_/temp_seed_en_a}} {{/MLDSA_tb/uut/data_path_inst/DM_/temp_seed_en_b}} 
current_wave_config {SignGen_Stage11.wcfg}
add_wave {{/MLDSA_tb/uut/data_path_inst/DM_/temp_seed_q_a}} {{/MLDSA_tb/uut/data_path_inst/DM_/temp_seed_q_b}} 
restart
run 200 us
save_wave_config {C:/Users/fossu/Desktop/ML_DSA_Syn_new/IMP3/MLDSA/SignGen_Stage11.wcfg}
save_wave_config {C:/Users/fossu/Desktop/ML_DSA_Syn_new/IMP3/MLDSA/SignGen_Stage11.wcfg}
relaunch_sim
run 200 us
current_wave_config {SignGen_Stage11.wcfg}
add_wave {{/MLDSA_tb/uut/data_path_inst/Sampler_/mode}} {{/MLDSA_tb/uut/data_path_inst/Sampler_/sampler_in_ready}} {{/MLDSA_tb/uut/data_path_inst/Sampler_/sampler_in}} {{/MLDSA_tb/uut/data_path_inst/Sampler_/sampler_squeeze}} {{/MLDSA_tb/uut/data_path_inst/Sampler_/next_element}} 
current_wave_config {SignGen_Stage11.wcfg}
add_wave {{/MLDSA_tb/uut/data_path_inst/Sampler_/ci}} {{/MLDSA_tb/uut/data_path_inst/Sampler_/addr_ci}} {{/MLDSA_tb/uut/data_path_inst/Sampler_/addr_cj}} {{/MLDSA_tb/uut/data_path_inst/Sampler_/en_ci}} {{/MLDSA_tb/uut/data_path_inst/Sampler_/en_cj}} {{/MLDSA_tb/uut/data_path_inst/Sampler_/we_ci}} {{/MLDSA_tb/uut/data_path_inst/Sampler_/we_cj}} 
restart
run 200 us
current_wave_config {SignGen_Stage11.wcfg}
add_wave {{/MLDSA_tb/uut/data_path_inst/DM_/temp_3_data_a}} {{/MLDSA_tb/uut/data_path_inst/DM_/temp_3_data_b}} {{/MLDSA_tb/uut/data_path_inst/DM_/temp_3_addr_a}} {{/MLDSA_tb/uut/data_path_inst/DM_/temp_3_addr_b}} {{/MLDSA_tb/uut/data_path_inst/DM_/temp_3_en_a}} {{/MLDSA_tb/uut/data_path_inst/DM_/temp_3_en_b}} {{/MLDSA_tb/uut/data_path_inst/DM_/temp_3_we_a}} {{/MLDSA_tb/uut/data_path_inst/DM_/temp_3_we_b}} {{/MLDSA_tb/uut/data_path_inst/DM_/temp_3_q_a}} {{/MLDSA_tb/uut/data_path_inst/DM_/temp_3_q_b}} 
restart
run 200 us
save_wave_config {C:/Users/fossu/Desktop/ML_DSA_Syn_new/IMP3/MLDSA/SignGen_Stage11.wcfg}
open_wave_config {C:/Users/fossu/Desktop/ML_DSA_Syn_new/IMP3/MLDSA/SignGen_Stage12.wcfg}
current_wave_config {SignGen_Stage12.wcfg}
add_wave {{/MLDSA_tb/uut/data_path_inst/AG_2/addr_adder}} {{/MLDSA_tb/uut/data_path_inst/AG_2/last_addr}} {{/MLDSA_tb/uut/data_path_inst/AG_2/star_addr}} {{/MLDSA_tb/uut/data_path_inst/AG_2/triger}} {{/MLDSA_tb/uut/data_path_inst/AG_2/pause}} {{/MLDSA_tb/uut/data_path_inst/AG_2/clean}} {{/MLDSA_tb/uut/data_path_inst/AG_2/addr_en}} {{/MLDSA_tb/uut/data_path_inst/AG_2/addr_a}} {{/MLDSA_tb/uut/data_path_inst/AG_2/addr_b}} {{/MLDSA_tb/uut/data_path_inst/AG_2/data_valid}} {{/MLDSA_tb/uut/data_path_inst/AG_2/done}} 
current_wave_config {SignGen_Stage12.wcfg}
add_wave {{/MLDSA_tb/uut/data_path_inst/DM_/temp_3_addr_a}} {{/MLDSA_tb/uut/data_path_inst/DM_/temp_3_addr_b}} {{/MLDSA_tb/uut/data_path_inst/DM_/temp_3_en_a}} {{/MLDSA_tb/uut/data_path_inst/DM_/temp_3_en_b}} 
current_wave_config {SignGen_Stage12.wcfg}
add_wave {{/MLDSA_tb/uut/data_path_inst/DM_/temp_3_q_a}} {{/MLDSA_tb/uut/data_path_inst/DM_/temp_3_q_b}} 
current_wave_config {SignGen_Stage12.wcfg}
add_wave {{/MLDSA_tb/uut/data_path_inst/NTT_/mode}} {{/MLDSA_tb/uut/data_path_inst/NTT_/i_valid}} {{/MLDSA_tb/uut/data_path_inst/NTT_/i_ready}} {{/MLDSA_tb/uut/data_path_inst/NTT_/NTT_in_u}} {{/MLDSA_tb/uut/data_path_inst/NTT_/NTT_in_d}} {{/MLDSA_tb/uut/data_path_inst/NTT_/NTT_out_u}} {{/MLDSA_tb/uut/data_path_inst/NTT_/NTT_out_d}} {{/MLDSA_tb/uut/data_path_inst/NTT_/NTT_addr_u}} {{/MLDSA_tb/uut/data_path_inst/NTT_/NTT_addr_d}} {{/MLDSA_tb/uut/data_path_inst/NTT_/o_valid}} {{/MLDSA_tb/uut/data_path_inst/NTT_/o_ready}} {{/MLDSA_tb/uut/data_path_inst/NTT_/done}} 
current_wave_config {SignGen_Stage12.wcfg}
add_wave {{/MLDSA_tb/uut/data_path_inst/DM_/temp_6_data_a}} {{/MLDSA_tb/uut/data_path_inst/DM_/temp_6_data_b}} {{/MLDSA_tb/uut/data_path_inst/DM_/temp_6_addr_a}} {{/MLDSA_tb/uut/data_path_inst/DM_/temp_6_addr_b}} {{/MLDSA_tb/uut/data_path_inst/DM_/temp_6_en_a}} {{/MLDSA_tb/uut/data_path_inst/DM_/temp_6_en_b}} {{/MLDSA_tb/uut/data_path_inst/DM_/temp_6_we_a}} {{/MLDSA_tb/uut/data_path_inst/DM_/temp_6_we_b}} 
restart
run 200 us
relaunch_sim
run 200 us
save_wave_config {C:/Users/fossu/Desktop/ML_DSA_Syn_new/IMP3/MLDSA/SignGen_Stage12.wcfg}
relaunch_sim
run 200 us
relaunch_sim
run 200 us
relaunch_sim
run 200 us
open_wave_config {C:/Users/fossu/Desktop/ML_DSA_Syn_new/IMP3/MLDSA/SignGen_Stage10.wcfg}
current_wave_config {SignGen_Stage10.wcfg}
add_wave {{/MLDSA_tb/uut/controller_inst/Encoder_done_tmp}} 
restart
run 200 us
relaunch_sim
run 200 us
save_wave_config {C:/Users/fossu/Desktop/ML_DSA_Syn_new/IMP3/MLDSA/SignGen_Stage10.wcfg}
open_wave_config {C:/Users/fossu/Desktop/ML_DSA_Syn_new/IMP3/MLDSA/SignGen_Stage13.wcfg}
current_wave_config {SignGen_Stage13.wcfg}
add_wave {{/MLDSA_tb/uut/data_path_inst/AG_4/addr_adder}} {{/MLDSA_tb/uut/data_path_inst/AG_4/last_addr}} {{/MLDSA_tb/uut/data_path_inst/AG_4/star_addr}} {{/MLDSA_tb/uut/data_path_inst/AG_4/triger}} {{/MLDSA_tb/uut/data_path_inst/AG_4/pause}} {{/MLDSA_tb/uut/data_path_inst/AG_4/clean}} {{/MLDSA_tb/uut/data_path_inst/AG_4/addr_en}} {{/MLDSA_tb/uut/data_path_inst/AG_4/addr_a}} {{/MLDSA_tb/uut/data_path_inst/AG_4/addr_b}} {{/MLDSA_tb/uut/data_path_inst/AG_4/data_valid}} {{/MLDSA_tb/uut/data_path_inst/AG_4/done}} 
current_wave_config {SignGen_Stage13.wcfg}
add_wave {{/MLDSA_tb/uut/data_path_inst/DM_/temp_6_addr_a}} {{/MLDSA_tb/uut/data_path_inst/DM_/temp_6_addr_b}} {{/MLDSA_tb/uut/data_path_inst/DM_/temp_6_en_a}} {{/MLDSA_tb/uut/data_path_inst/DM_/temp_6_en_b}} 
current_wave_config {SignGen_Stage13.wcfg}
add_wave {{/MLDSA_tb/uut/data_path_inst/DM_/temp_6_q_a}} {{/MLDSA_tb/uut/data_path_inst/DM_/temp_6_q_b}} 
current_wave_config {SignGen_Stage13.wcfg}
add_wave {{/MLDSA_tb/uut/data_path_inst/DM_/temp_7_addr_a}} {{/MLDSA_tb/uut/data_path_inst/DM_/temp_7_addr_b}} {{/MLDSA_tb/uut/data_path_inst/DM_/temp_7_en_a}} {{/MLDSA_tb/uut/data_path_inst/DM_/temp_7_en_b}} 
current_wave_config {SignGen_Stage13.wcfg}
add_wave {{/MLDSA_tb/uut/data_path_inst/DM_/temp_7_q_a}} {{/MLDSA_tb/uut/data_path_inst/DM_/temp_7_q_b}} 
current_wave_config {SignGen_Stage13.wcfg}
add_wave {{/MLDSA_tb/uut/data_path_inst/PWM_/mode}} {{/MLDSA_tb/uut/data_path_inst/PWM_/i_valid}} {{/MLDSA_tb/uut/data_path_inst/PWM_/i_ready}} {{/MLDSA_tb/uut/data_path_inst/PWM_/o_ready}} {{/MLDSA_tb/uut/data_path_inst/PWM_/o_valid}} {{/MLDSA_tb/uut/data_path_inst/PWM_/done}} {{/MLDSA_tb/uut/data_path_inst/PWM_/in_a0}} {{/MLDSA_tb/uut/data_path_inst/PWM_/in_a1}} {{/MLDSA_tb/uut/data_path_inst/PWM_/in_a2}} {{/MLDSA_tb/uut/data_path_inst/PWM_/out_a}} {{/MLDSA_tb/uut/data_path_inst/PWM_/addr_a}} {{/MLDSA_tb/uut/data_path_inst/PWM_/in_b0}} {{/MLDSA_tb/uut/data_path_inst/PWM_/in_b1}} {{/MLDSA_tb/uut/data_path_inst/PWM_/in_b2}} {{/MLDSA_tb/uut/data_path_inst/PWM_/out_b}} {{/MLDSA_tb/uut/data_path_inst/PWM_/addr_b}} 
current_wave_config {SignGen_Stage13.wcfg}
add_wave {{/MLDSA_tb/uut/data_path_inst/DM_/temp_2_data_a}} {{/MLDSA_tb/uut/data_path_inst/DM_/temp_2_data_b}} {{/MLDSA_tb/uut/data_path_inst/DM_/temp_2_addr_a}} {{/MLDSA_tb/uut/data_path_inst/DM_/temp_2_addr_b}} {{/MLDSA_tb/uut/data_path_inst/DM_/temp_2_en_a}} {{/MLDSA_tb/uut/data_path_inst/DM_/temp_2_en_b}} {{/MLDSA_tb/uut/data_path_inst/DM_/temp_2_we_a}} {{/MLDSA_tb/uut/data_path_inst/DM_/temp_2_we_b}} 
restart
run 200 us
save_wave_config {C:/Users/fossu/Desktop/ML_DSA_Syn_new/IMP3/MLDSA/SignGen_Stage12.wcfg}
save_wave_config {C:/Users/fossu/Desktop/ML_DSA_Syn_new/IMP3/MLDSA/SignGen_Stage13.wcfg}
relaunch_sim
relaunch_sim
relaunch_sim
run 200 us
relaunch_sim
run 200 us
relaunch_sim
run 200 us
save_wave_config {C:/Users/fossu/Desktop/ML_DSA_Syn_new/IMP3/MLDSA/SignGen_Stage13.wcfg}
relaunch_sim
relaunch_sim
run 200 us
open_wave_config {C:/Users/fossu/Desktop/ML_DSA_Syn_new/IMP3/MLDSA/SignGen_Stage14.wcfg}
current_wave_config {SignGen_Stage14.wcfg}
add_wave {{/MLDSA_tb/uut/data_path_inst/DM_/temp_2_addr_a}} {{/MLDSA_tb/uut/data_path_inst/DM_/temp_2_addr_b}} {{/MLDSA_tb/uut/data_path_inst/DM_/temp_2_en_a}} {{/MLDSA_tb/uut/data_path_inst/DM_/temp_2_en_b}} 
current_wave_config {SignGen_Stage14.wcfg}
add_wave {{/MLDSA_tb/uut/data_path_inst/DM_/temp_2_q_a}} {{/MLDSA_tb/uut/data_path_inst/DM_/temp_2_q_b}} 
current_wave_config {SignGen_Stage14.wcfg}
add_wave {{/MLDSA_tb/uut/data_path_inst/NTT_/mode}} {{/MLDSA_tb/uut/data_path_inst/NTT_/i_valid}} {{/MLDSA_tb/uut/data_path_inst/NTT_/i_ready}} {{/MLDSA_tb/uut/data_path_inst/NTT_/NTT_in_u}} {{/MLDSA_tb/uut/data_path_inst/NTT_/NTT_in_d}} {{/MLDSA_tb/uut/data_path_inst/NTT_/NTT_out_u}} {{/MLDSA_tb/uut/data_path_inst/NTT_/NTT_out_d}} {{/MLDSA_tb/uut/data_path_inst/NTT_/NTT_addr_u}} {{/MLDSA_tb/uut/data_path_inst/NTT_/NTT_addr_d}} {{/MLDSA_tb/uut/data_path_inst/NTT_/o_valid}} {{/MLDSA_tb/uut/data_path_inst/NTT_/o_ready}} {{/MLDSA_tb/uut/data_path_inst/NTT_/done}} 
current_wave_config {SignGen_Stage14.wcfg}
add_wave {{/MLDSA_tb/uut/data_path_inst/DM_/temp_3_data_a}} {{/MLDSA_tb/uut/data_path_inst/DM_/temp_3_data_b}} {{/MLDSA_tb/uut/data_path_inst/DM_/temp_3_addr_a}} {{/MLDSA_tb/uut/data_path_inst/DM_/temp_3_addr_b}} {{/MLDSA_tb/uut/data_path_inst/DM_/temp_3_en_a}} {{/MLDSA_tb/uut/data_path_inst/DM_/temp_3_en_b}} {{/MLDSA_tb/uut/data_path_inst/DM_/temp_3_we_a}} {{/MLDSA_tb/uut/data_path_inst/DM_/temp_3_we_b}} 
current_wave_config {SignGen_Stage14.wcfg}
add_wave {{/MLDSA_tb/uut/controller_inst/ctrl_sign}} 
current_wave_config {SignGen_Stage14.wcfg}
add_wave {{/MLDSA_tb/uut/data_path_inst/AG_4/addr_adder}} {{/MLDSA_tb/uut/data_path_inst/AG_4/last_addr}} {{/MLDSA_tb/uut/data_path_inst/AG_4/star_addr}} {{/MLDSA_tb/uut/data_path_inst/AG_4/triger}} {{/MLDSA_tb/uut/data_path_inst/AG_4/pause}} {{/MLDSA_tb/uut/data_path_inst/AG_4/clean}} {{/MLDSA_tb/uut/data_path_inst/AG_4/addr_en}} {{/MLDSA_tb/uut/data_path_inst/AG_4/addr_a}} {{/MLDSA_tb/uut/data_path_inst/AG_4/addr_b}} {{/MLDSA_tb/uut/data_path_inst/AG_4/data_valid}} {{/MLDSA_tb/uut/data_path_inst/AG_4/done}} 
current_wave_config {SignGen_Stage14.wcfg}
add_wave {{/MLDSA_tb/uut/data_path_inst/DM_/temp_6_addr_a}} {{/MLDSA_tb/uut/data_path_inst/DM_/temp_6_addr_b}} {{/MLDSA_tb/uut/data_path_inst/DM_/temp_6_en_a}} {{/MLDSA_tb/uut/data_path_inst/DM_/temp_6_en_b}} 
current_wave_config {SignGen_Stage14.wcfg}
add_wave {{/MLDSA_tb/uut/data_path_inst/DM_/temp_6_q_a}} {{/MLDSA_tb/uut/data_path_inst/DM_/temp_6_q_b}} 
current_wave_config {SignGen_Stage14.wcfg}
add_wave {{/MLDSA_tb/uut/data_path_inst/DM_/temp_8_addr_a}} {{/MLDSA_tb/uut/data_path_inst/DM_/temp_8_addr_b}} {{/MLDSA_tb/uut/data_path_inst/DM_/temp_8_en_a}} {{/MLDSA_tb/uut/data_path_inst/DM_/temp_8_en_b}} 
current_wave_config {SignGen_Stage14.wcfg}
add_wave {{/MLDSA_tb/uut/data_path_inst/DM_/temp_8_q_a}} {{/MLDSA_tb/uut/data_path_inst/DM_/temp_8_q_b}} 
current_wave_config {SignGen_Stage14.wcfg}
add_wave {{/MLDSA_tb/uut/data_path_inst/PWM_/mode}} {{/MLDSA_tb/uut/data_path_inst/PWM_/i_valid}} {{/MLDSA_tb/uut/data_path_inst/PWM_/i_ready}} {{/MLDSA_tb/uut/data_path_inst/PWM_/o_ready}} {{/MLDSA_tb/uut/data_path_inst/PWM_/o_valid}} {{/MLDSA_tb/uut/data_path_inst/PWM_/done}} {{/MLDSA_tb/uut/data_path_inst/PWM_/in_a0}} {{/MLDSA_tb/uut/data_path_inst/PWM_/in_a1}} {{/MLDSA_tb/uut/data_path_inst/PWM_/in_a2}} {{/MLDSA_tb/uut/data_path_inst/PWM_/out_a}} {{/MLDSA_tb/uut/data_path_inst/PWM_/addr_a}} {{/MLDSA_tb/uut/data_path_inst/PWM_/in_b0}} {{/MLDSA_tb/uut/data_path_inst/PWM_/in_b1}} {{/MLDSA_tb/uut/data_path_inst/PWM_/in_b2}} {{/MLDSA_tb/uut/data_path_inst/PWM_/out_b}} {{/MLDSA_tb/uut/data_path_inst/PWM_/addr_b}} {{/MLDSA_tb/uut/data_path_inst/PWM_/valid_buf}} 
current_wave_config {SignGen_Stage14.wcfg}
add_wave {{/MLDSA_tb/uut/data_path_inst/DM_/temp_4_data_a}} {{/MLDSA_tb/uut/data_path_inst/DM_/temp_4_data_b}} {{/MLDSA_tb/uut/data_path_inst/DM_/temp_4_addr_a}} {{/MLDSA_tb/uut/data_path_inst/DM_/temp_4_addr_b}} {{/MLDSA_tb/uut/data_path_inst/DM_/temp_4_en_a}} {{/MLDSA_tb/uut/data_path_inst/DM_/temp_4_en_b}} {{/MLDSA_tb/uut/data_path_inst/DM_/temp_4_we_a}} {{/MLDSA_tb/uut/data_path_inst/DM_/temp_4_we_b}} 
restart
run 200 us
relaunch_sim
run 200 us
run 200 us
relaunch_sim
run 200 us
relaunch_sim
run 200 us
save_wave_config {C:/Users/fossu/Desktop/ML_DSA_Syn_new/IMP3/MLDSA/SignGen_Stage14.wcfg}
open_wave_config {C:/Users/fossu/Desktop/ML_DSA_Syn_new/IMP3/MLDSA/SignGen_Stage15.wcfg}
current_wave_config {SignGen_Stage15.wcfg}
add_wave {{/MLDSA_tb/uut/data_path_inst/DM_/temp_4_addr_a}} {{/MLDSA_tb/uut/data_path_inst/DM_/temp_4_addr_b}} {{/MLDSA_tb/uut/data_path_inst/DM_/temp_4_en_a}} {{/MLDSA_tb/uut/data_path_inst/DM_/temp_4_en_b}} 
current_wave_config {SignGen_Stage15.wcfg}
add_wave {{/MLDSA_tb/uut/data_path_inst/DM_/temp_4_q_a}} {{/MLDSA_tb/uut/data_path_inst/DM_/temp_4_q_b}} 
current_wave_config {SignGen_Stage15.wcfg}
add_wave {{/MLDSA_tb/uut/data_path_inst/NTT_/mode}} {{/MLDSA_tb/uut/data_path_inst/NTT_/i_valid}} {{/MLDSA_tb/uut/data_path_inst/NTT_/i_ready}} {{/MLDSA_tb/uut/data_path_inst/NTT_/NTT_in_u}} {{/MLDSA_tb/uut/data_path_inst/NTT_/NTT_in_d}} {{/MLDSA_tb/uut/data_path_inst/NTT_/NTT_out_u}} {{/MLDSA_tb/uut/data_path_inst/NTT_/NTT_out_d}} {{/MLDSA_tb/uut/data_path_inst/NTT_/NTT_addr_u}} {{/MLDSA_tb/uut/data_path_inst/NTT_/NTT_addr_d}} {{/MLDSA_tb/uut/data_path_inst/NTT_/o_valid}} {{/MLDSA_tb/uut/data_path_inst/NTT_/o_ready}} {{/MLDSA_tb/uut/data_path_inst/NTT_/done}} 
current_wave_config {SignGen_Stage15.wcfg}
add_wave {{/MLDSA_tb/uut/data_path_inst/DM_/temp_2_data_a}} {{/MLDSA_tb/uut/data_path_inst/DM_/temp_2_data_b}} {{/MLDSA_tb/uut/data_path_inst/DM_/temp_2_addr_a}} {{/MLDSA_tb/uut/data_path_inst/DM_/temp_2_addr_b}} {{/MLDSA_tb/uut/data_path_inst/DM_/temp_2_en_a}} {{/MLDSA_tb/uut/data_path_inst/DM_/temp_2_en_b}} {{/MLDSA_tb/uut/data_path_inst/DM_/temp_2_we_a}} {{/MLDSA_tb/uut/data_path_inst/DM_/temp_2_we_b}} 
current_wave_config {SignGen_Stage15.wcfg}
add_wave {{/MLDSA_tb/uut/data_path_inst/ctrl_sign}} 
current_wave_config {SignGen_Stage15.wcfg}
add_wave {{/MLDSA_tb/uut/data_path_inst/AG_4/addr_adder}} {{/MLDSA_tb/uut/data_path_inst/AG_4/last_addr}} {{/MLDSA_tb/uut/data_path_inst/AG_4/star_addr}} {{/MLDSA_tb/uut/data_path_inst/AG_4/triger}} {{/MLDSA_tb/uut/data_path_inst/AG_4/pause}} {{/MLDSA_tb/uut/data_path_inst/AG_4/clean}} {{/MLDSA_tb/uut/data_path_inst/AG_4/addr_en}} {{/MLDSA_tb/uut/data_path_inst/AG_4/addr_a}} {{/MLDSA_tb/uut/data_path_inst/AG_4/addr_b}} {{/MLDSA_tb/uut/data_path_inst/AG_4/data_valid}} {{/MLDSA_tb/uut/data_path_inst/AG_4/done}} 
current_wave_config {SignGen_Stage15.wcfg}
add_wave {{/MLDSA_tb/uut/data_path_inst/DM_/temp_0_addr_a}} {{/MLDSA_tb/uut/data_path_inst/DM_/temp_0_addr_b}} {{/MLDSA_tb/uut/data_path_inst/DM_/temp_0_en_a}} {{/MLDSA_tb/uut/data_path_inst/DM_/temp_0_en_b}} 
current_wave_config {SignGen_Stage15.wcfg}
add_wave {{/MLDSA_tb/uut/data_path_inst/DM_/temp_0_q_a}} {{/MLDSA_tb/uut/data_path_inst/DM_/temp_0_q_b}} 
current_wave_config {SignGen_Stage15.wcfg}
add_wave {{/MLDSA_tb/uut/data_path_inst/DM_/temp_3_addr_a}} {{/MLDSA_tb/uut/data_path_inst/DM_/temp_3_addr_b}} {{/MLDSA_tb/uut/data_path_inst/DM_/temp_3_en_a}} {{/MLDSA_tb/uut/data_path_inst/DM_/temp_3_en_b}} 
current_wave_config {SignGen_Stage15.wcfg}
add_wave {{/MLDSA_tb/uut/data_path_inst/DM_/temp_3_q_a}} {{/MLDSA_tb/uut/data_path_inst/DM_/temp_3_q_b}} 
current_wave_config {SignGen_Stage15.wcfg}
add_wave {{/MLDSA_tb/uut/data_path_inst/PWM_/mode}} {{/MLDSA_tb/uut/data_path_inst/PWM_/i_valid}} {{/MLDSA_tb/uut/data_path_inst/PWM_/i_ready}} {{/MLDSA_tb/uut/data_path_inst/PWM_/o_ready}} {{/MLDSA_tb/uut/data_path_inst/PWM_/o_valid}} {{/MLDSA_tb/uut/data_path_inst/PWM_/done}} {{/MLDSA_tb/uut/data_path_inst/PWM_/in_a0}} {{/MLDSA_tb/uut/data_path_inst/PWM_/in_a1}} {{/MLDSA_tb/uut/data_path_inst/PWM_/in_a2}} {{/MLDSA_tb/uut/data_path_inst/PWM_/out_a}} {{/MLDSA_tb/uut/data_path_inst/PWM_/addr_a}} {{/MLDSA_tb/uut/data_path_inst/PWM_/in_b0}} {{/MLDSA_tb/uut/data_path_inst/PWM_/in_b1}} {{/MLDSA_tb/uut/data_path_inst/PWM_/in_b2}} {{/MLDSA_tb/uut/data_path_inst/PWM_/out_b}} {{/MLDSA_tb/uut/data_path_inst/PWM_/addr_b}} 
current_wave_config {SignGen_Stage15.wcfg}
add_wave {{/MLDSA_tb/uut/data_path_inst/DM_/temp_5_data_a}} {{/MLDSA_tb/uut/data_path_inst/DM_/temp_5_data_b}} {{/MLDSA_tb/uut/data_path_inst/DM_/temp_5_addr_a}} {{/MLDSA_tb/uut/data_path_inst/DM_/temp_5_addr_b}} {{/MLDSA_tb/uut/data_path_inst/DM_/temp_5_en_a}} {{/MLDSA_tb/uut/data_path_inst/DM_/temp_5_en_b}} {{/MLDSA_tb/uut/data_path_inst/DM_/temp_5_we_a}} {{/MLDSA_tb/uut/data_path_inst/DM_/temp_5_we_b}} 
current_wave_config {SignGen_Stage15.wcfg}
add_wave {{/MLDSA_tb/uut/data_path_inst/z_fail}} 
relaunch_sim
run 200 us
save_wave_config {C:/Users/fossu/Desktop/ML_DSA_Syn_new/IMP3/MLDSA/SignGen_Stage15.wcfg}
save_wave_config {C:/Users/fossu/Desktop/ML_DSA_Syn_new/IMP3/MLDSA/SignGen_Stage15.wcfg}
save_wave_config {C:/Users/fossu/Desktop/ML_DSA_Syn_new/IMP3/MLDSA/SignGen_Stage15.wcfg}
relaunch_sim
run 200 us
relaunch_sim
run 200 us
relaunch_sim
open_wave_config {C:/Users/fossu/Desktop/ML_DSA_Syn_new/IMP3/MLDSA/SignGen_Stage16.wcfg}
run 200 us
run 200 us
run 200 us
current_wave_config {SignGen_Stage16.wcfg}
add_wave {{/MLDSA_tb/uut/data_path_inst/DM_/temp_1_addr_a}} {{/MLDSA_tb/uut/data_path_inst/DM_/temp_1_addr_b}} {{/MLDSA_tb/uut/data_path_inst/DM_/temp_1_en_a}} {{/MLDSA_tb/uut/data_path_inst/DM_/temp_1_en_b}} 
current_wave_config {SignGen_Stage16.wcfg}
add_wave {{/MLDSA_tb/uut/data_path_inst/DM_/temp_1_q_a}} {{/MLDSA_tb/uut/data_path_inst/DM_/temp_1_q_b}} 
current_wave_config {SignGen_Stage16.wcfg}
add_wave {{/MLDSA_tb/uut/data_path_inst/DM_/temp_2_addr_a}} {{/MLDSA_tb/uut/data_path_inst/DM_/temp_2_addr_b}} {{/MLDSA_tb/uut/data_path_inst/DM_/temp_2_en_a}} {{/MLDSA_tb/uut/data_path_inst/DM_/temp_2_en_b}} 
current_wave_config {SignGen_Stage16.wcfg}
add_wave {{/MLDSA_tb/uut/data_path_inst/DM_/temp_2_q_a}} {{/MLDSA_tb/uut/data_path_inst/DM_/temp_2_q_b}} 
current_wave_config {SignGen_Stage16.wcfg}
add_wave {{/MLDSA_tb/uut/data_path_inst/PWM_/mode}} {{/MLDSA_tb/uut/data_path_inst/PWM_/i_valid}} {{/MLDSA_tb/uut/data_path_inst/PWM_/i_ready}} {{/MLDSA_tb/uut/data_path_inst/PWM_/o_ready}} {{/MLDSA_tb/uut/data_path_inst/PWM_/o_valid}} {{/MLDSA_tb/uut/data_path_inst/PWM_/done}} {{/MLDSA_tb/uut/data_path_inst/PWM_/in_a0}} {{/MLDSA_tb/uut/data_path_inst/PWM_/in_a1}} {{/MLDSA_tb/uut/data_path_inst/PWM_/in_a2}} {{/MLDSA_tb/uut/data_path_inst/PWM_/out_a}} {{/MLDSA_tb/uut/data_path_inst/PWM_/addr_a}} {{/MLDSA_tb/uut/data_path_inst/PWM_/in_b0}} {{/MLDSA_tb/uut/data_path_inst/PWM_/in_b1}} {{/MLDSA_tb/uut/data_path_inst/PWM_/in_b2}} {{/MLDSA_tb/uut/data_path_inst/PWM_/out_b}} {{/MLDSA_tb/uut/data_path_inst/PWM_/addr_b}} 
current_wave_config {SignGen_Stage16.wcfg}
add_wave {{/MLDSA_tb/uut/data_path_inst/DM_/temp_3_data_a}} {{/MLDSA_tb/uut/data_path_inst/DM_/temp_3_data_b}} {{/MLDSA_tb/uut/data_path_inst/DM_/temp_3_addr_a}} {{/MLDSA_tb/uut/data_path_inst/DM_/temp_3_addr_b}} {{/MLDSA_tb/uut/data_path_inst/DM_/temp_3_en_a}} {{/MLDSA_tb/uut/data_path_inst/DM_/temp_3_en_b}} {{/MLDSA_tb/uut/data_path_inst/DM_/temp_3_we_a}} {{/MLDSA_tb/uut/data_path_inst/DM_/temp_3_we_b}} 
restart
run 200 us
current_wave_config {SignGen_Stage16.wcfg}
add_wave {{/MLDSA_tb/uut/data_path_inst/Decomp_/valid_i}} {{/MLDSA_tb/uut/data_path_inst/Decomp_/ready_i}} {{/MLDSA_tb/uut/data_path_inst/Decomp_/di}} {{/MLDSA_tb/uut/data_path_inst/Decomp_/doa}} {{/MLDSA_tb/uut/data_path_inst/Decomp_/dob}} {{/MLDSA_tb/uut/data_path_inst/Decomp_/valid_o}} {{/MLDSA_tb/uut/data_path_inst/Decomp_/ready_o}} 
current_wave_config {SignGen_Stage16.wcfg}
add_wave {{/MLDSA_tb/uut/data_path_inst/DM_/temp_4_data_a}} {{/MLDSA_tb/uut/data_path_inst/DM_/temp_4_data_b}} {{/MLDSA_tb/uut/data_path_inst/DM_/temp_4_addr_a}} {{/MLDSA_tb/uut/data_path_inst/DM_/temp_4_addr_b}} {{/MLDSA_tb/uut/data_path_inst/DM_/temp_4_en_a}} {{/MLDSA_tb/uut/data_path_inst/DM_/temp_4_en_b}} {{/MLDSA_tb/uut/data_path_inst/DM_/temp_4_we_a}} {{/MLDSA_tb/uut/data_path_inst/DM_/temp_4_we_b}} 
restart
run 200 us
relaunch_sim
save_wave_config {C:/Users/fossu/Desktop/ML_DSA_Syn_new/IMP3/MLDSA/SignGen_Stage16.wcfg}
relaunch_sim
close_sim
launch_simulation
launch_simulation
launch_simulation
open_wave_config C:/Users/fossu/Desktop/ML_DSA_Syn_new/IMP3/MLDSA/MLDSA_tb_behav.wcfg
open_wave_config C:/Users/fossu/Desktop/ML_DSA_Syn_new/IMP3/MLDSA/KeyGen_Stage4.wcfg
open_wave_config C:/Users/fossu/Desktop/ML_DSA_Syn_new/IMP3/MLDSA/KeyGen_Stage5.wcfg
open_wave_config C:/Users/fossu/Desktop/ML_DSA_Syn_new/IMP3/MLDSA/KeyGen_Stage3.wcfg
open_wave_config C:/Users/fossu/Desktop/ML_DSA_Syn_new/IMP3/MLDSA/KeyGen_Stage6.wcfg
open_wave_config C:/Users/fossu/Desktop/ML_DSA_Syn_new/IMP3/MLDSA/KeyGen_Stage8.wcfg
open_wave_config C:/Users/fossu/Desktop/ML_DSA_Syn_new/IMP3/MLDSA/KeyGen_Stage9.wcfg
open_wave_config C:/Users/fossu/Desktop/ML_DSA_Syn_new/IMP3/MLDSA/test_decoder.wcfg
open_wave_config C:/Users/fossu/Desktop/ML_DSA_Syn_new/IMP3/MLDSA/SignGen_Stage2.wcfg
open_wave_config C:/Users/fossu/Desktop/ML_DSA_Syn_new/IMP3/MLDSA/SignGen_Stage3.wcfg
open_wave_config C:/Users/fossu/Desktop/ML_DSA_Syn_new/IMP3/MLDSA/SignGen_Stage4.wcfg
open_wave_config C:/Users/fossu/Desktop/ML_DSA_Syn_new/IMP3/MLDSA/SignGen_Stage7.wcfg
open_wave_config C:/Users/fossu/Desktop/ML_DSA_Syn_new/IMP3/MLDSA/SignGen_Stage8.wcfg
open_wave_config C:/Users/fossu/Desktop/ML_DSA_Syn_new/IMP3/MLDSA/SignGen_Stage9.wcfg
open_wave_config C:/Users/fossu/Desktop/ML_DSA_Syn_new/IMP3/MLDSA/SignGen_Stage10.wcfg
open_wave_config C:/Users/fossu/Desktop/ML_DSA_Syn_new/IMP3/MLDSA/SignGen_Stage11.wcfg
open_wave_config C:/Users/fossu/Desktop/ML_DSA_Syn_new/IMP3/MLDSA/SignGen_Stage12.wcfg
open_wave_config C:/Users/fossu/Desktop/ML_DSA_Syn_new/IMP3/MLDSA/SignGen_Stage13.wcfg
open_wave_config C:/Users/fossu/Desktop/ML_DSA_Syn_new/IMP3/MLDSA/SignGen_Stage14.wcfg
open_wave_config C:/Users/fossu/Desktop/ML_DSA_Syn_new/IMP3/MLDSA/SignGen_Stage15.wcfg
open_wave_config C:/Users/fossu/Desktop/ML_DSA_Syn_new/IMP3/MLDSA/SignGen_Stage16.wcfg
open_wave_config C:/Users/fossu/Desktop/ML_DSA_Syn_new/IMP3/MLDSA/SignGen_Stage17.wcfg
open_wave_config C:/Users/fossu/Desktop/ML_DSA_Syn_new/IMP3/MLDSA/SignGen_Stage18.wcfg
open_wave_config C:/Users/fossu/Desktop/ML_DSA_Syn_new/IMP3/MLDSA/SignGen_rejection.wcfg
open_wave_config C:/Users/fossu/Desktop/ML_DSA_Syn_new/IMP3/MLDSA/SignGen_SendOut.wcfg
open_wave_config C:/Users/fossu/Desktop/ML_DSA_Syn_new/IMP3/MLDSA/Sampler_debug.wcfg
source MLDSA_tb.tcl
open_wave_config {C:/Users/fossu/Desktop/ML_DSA_Syn_new/IMP3/MLDSA/SignGen_Stage16.wcfg}
run 200 us
current_wave_config {SignGen_Stage16.wcfg}
add_wave {{/MLDSA_tb/uut/data_path_inst/r0_fail}} {{/MLDSA_tb/uut/data_path_inst/r0_a}} {{/MLDSA_tb/uut/data_path_inst/r0_b}} {{/MLDSA_tb/uut/data_path_inst/r0_mod_half_q_a}} {{/MLDSA_tb/uut/data_path_inst/r0_mod_half_q_b}} 
restart
run 200 us
run 200 us
relaunch_sim
run 200 us
save_wave_config {C:/Users/fossu/Desktop/ML_DSA_Syn_new/IMP3/MLDSA/SignGen_Stage16.wcfg}
open_wave_config {C:/Users/fossu/Desktop/ML_DSA_Syn_new/IMP3/MLDSA/SignGen_Stage17.wcfg}
current_wave_config {SignGen_Stage17.wcfg}
add_wave {{/MLDSA_tb/uut/data_path_inst/DM_/temp_0_addr_a}} {{/MLDSA_tb/uut/data_path_inst/DM_/temp_0_addr_b}} {{/MLDSA_tb/uut/data_path_inst/DM_/temp_0_en_a}} {{/MLDSA_tb/uut/data_path_inst/DM_/temp_0_en_b}} 
current_wave_config {SignGen_Stage17.wcfg}
add_wave {{/MLDSA_tb/uut/data_path_inst/DM_/temp_0_q_a}} {{/MLDSA_tb/uut/data_path_inst/DM_/temp_0_q_b}} 
current_wave_config {SignGen_Stage17.wcfg}
add_wave {{/MLDSA_tb/uut/data_path_inst/NTT_/mode}} {{/MLDSA_tb/uut/data_path_inst/NTT_/i_valid}} {{/MLDSA_tb/uut/data_path_inst/NTT_/i_ready}} {{/MLDSA_tb/uut/data_path_inst/NTT_/NTT_in_u}} {{/MLDSA_tb/uut/data_path_inst/NTT_/NTT_in_d}} {{/MLDSA_tb/uut/data_path_inst/NTT_/NTT_out_u}} {{/MLDSA_tb/uut/data_path_inst/NTT_/NTT_out_d}} {{/MLDSA_tb/uut/data_path_inst/NTT_/NTT_addr_u}} {{/MLDSA_tb/uut/data_path_inst/NTT_/NTT_addr_d}} {{/MLDSA_tb/uut/data_path_inst/NTT_/o_valid}} {{/MLDSA_tb/uut/data_path_inst/NTT_/o_ready}} {{/MLDSA_tb/uut/data_path_inst/NTT_/done}} 
current_wave_config {SignGen_Stage17.wcfg}
add_wave {{/MLDSA_tb/uut/data_path_inst/DM_/temp_1_data_a}} {{/MLDSA_tb/uut/data_path_inst/DM_/temp_1_data_b}} {{/MLDSA_tb/uut/data_path_inst/DM_/temp_1_addr_a}} {{/MLDSA_tb/uut/data_path_inst/DM_/temp_1_addr_b}} {{/MLDSA_tb/uut/data_path_inst/DM_/temp_1_en_a}} {{/MLDSA_tb/uut/data_path_inst/DM_/temp_1_en_b}} {{/MLDSA_tb/uut/data_path_inst/DM_/temp_1_we_a}} {{/MLDSA_tb/uut/data_path_inst/DM_/temp_1_we_b}} 
current_wave_config {SignGen_Stage17.wcfg}
add_wave {{/MLDSA_tb/uut/data_path_inst/ctrl_sign}} 
current_wave_config {SignGen_Stage17.wcfg}
add_wave {{/MLDSA_tb/uut/data_path_inst/AG_4/addr_adder}} {{/MLDSA_tb/uut/data_path_inst/AG_4/last_addr}} {{/MLDSA_tb/uut/data_path_inst/AG_4/star_addr}} {{/MLDSA_tb/uut/data_path_inst/AG_4/triger}} {{/MLDSA_tb/uut/data_path_inst/AG_4/pause}} {{/MLDSA_tb/uut/data_path_inst/AG_4/clean}} {{/MLDSA_tb/uut/data_path_inst/AG_4/addr_en}} {{/MLDSA_tb/uut/data_path_inst/AG_4/addr_a}} {{/MLDSA_tb/uut/data_path_inst/AG_4/addr_b}} {{/MLDSA_tb/uut/data_path_inst/AG_4/data_valid}} {{/MLDSA_tb/uut/data_path_inst/AG_4/done}} 
current_wave_config {SignGen_Stage17.wcfg}
add_wave {{/MLDSA_tb/uut/data_path_inst/DM_/temp_6_addr_a}} {{/MLDSA_tb/uut/data_path_inst/DM_/temp_6_addr_b}} {{/MLDSA_tb/uut/data_path_inst/DM_/temp_6_en_a}} {{/MLDSA_tb/uut/data_path_inst/DM_/temp_6_en_b}} 
current_wave_config {SignGen_Stage17.wcfg}
add_wave {{/MLDSA_tb/uut/data_path_inst/DM_/temp_6_q_a}} {{/MLDSA_tb/uut/data_path_inst/DM_/temp_6_q_b}} 
current_wave_config {SignGen_Stage17.wcfg}
add_wave {{/MLDSA_tb/uut/data_path_inst/DM_/temp_9_addr_a}} {{/MLDSA_tb/uut/data_path_inst/DM_/temp_9_addr_b}} {{/MLDSA_tb/uut/data_path_inst/DM_/temp_9_en_a}} {{/MLDSA_tb/uut/data_path_inst/DM_/temp_9_en_b}} 
current_wave_config {SignGen_Stage17.wcfg}
add_wave {{/MLDSA_tb/uut/data_path_inst/DM_/temp_9_q_a}} {{/MLDSA_tb/uut/data_path_inst/DM_/temp_9_q_b}} 
current_wave_config {SignGen_Stage17.wcfg}
add_wave {{/MLDSA_tb/uut/data_path_inst/PWM_/mode}} {{/MLDSA_tb/uut/data_path_inst/PWM_/i_valid}} {{/MLDSA_tb/uut/data_path_inst/PWM_/i_ready}} {{/MLDSA_tb/uut/data_path_inst/PWM_/o_ready}} {{/MLDSA_tb/uut/data_path_inst/PWM_/o_valid}} {{/MLDSA_tb/uut/data_path_inst/PWM_/done}} {{/MLDSA_tb/uut/data_path_inst/PWM_/in_a0}} {{/MLDSA_tb/uut/data_path_inst/PWM_/in_a1}} {{/MLDSA_tb/uut/data_path_inst/PWM_/in_a2}} {{/MLDSA_tb/uut/data_path_inst/PWM_/out_a}} {{/MLDSA_tb/uut/data_path_inst/PWM_/addr_a}} {{/MLDSA_tb/uut/data_path_inst/PWM_/in_b0}} {{/MLDSA_tb/uut/data_path_inst/PWM_/in_b1}} {{/MLDSA_tb/uut/data_path_inst/PWM_/in_b2}} {{/MLDSA_tb/uut/data_path_inst/PWM_/out_b}} {{/MLDSA_tb/uut/data_path_inst/PWM_/addr_b}} 
current_wave_config {SignGen_Stage17.wcfg}
add_wave {{/MLDSA_tb/uut/data_path_inst/DM_/temp_2_data_a}} {{/MLDSA_tb/uut/data_path_inst/DM_/temp_2_data_b}} {{/MLDSA_tb/uut/data_path_inst/DM_/temp_2_addr_a}} {{/MLDSA_tb/uut/data_path_inst/DM_/temp_2_addr_b}} {{/MLDSA_tb/uut/data_path_inst/DM_/temp_2_en_a}} {{/MLDSA_tb/uut/data_path_inst/DM_/temp_2_en_b}} {{/MLDSA_tb/uut/data_path_inst/DM_/temp_2_we_a}} {{/MLDSA_tb/uut/data_path_inst/DM_/temp_2_we_b}} 
restart
run 300 us
relaunch_sim
run 300 us
run 300 us
run 300 us
open_wave_config {C:/Users/fossu/Desktop/ML_DSA_Syn_new/IMP3/MLDSA/SignGen_Stage10.wcfg}
restart
run 300 us
run 300 us
open_wave_config {C:/Users/fossu/Desktop/ML_DSA_Syn_new/IMP3/MLDSA/SignGen_Stage9.wcfg}
restart
run 300 us
run 300 us
open_wave_config {C:/Users/fossu/Desktop/ML_DSA_Syn_new/IMP3/MLDSA/SignGen_Stage7.wcfg}
open_wave_config {C:/Users/fossu/Desktop/ML_DSA_Syn_new/IMP3/MLDSA/SignGen_Stage8.wcfg}
restart
run 500 us
relaunch_sim
run 500 us
open_wave_config {C:/Users/fossu/Desktop/ML_DSA_Syn_new/IMP3/MLDSA/SignGen_Stage16.wcfg}
restart
current_wave_config {SignGen_Stage16.wcfg}
add_wave {{/MLDSA_tb/uut/controller_inst/Decomposer_done}} {{/MLDSA_tb/uut/controller_inst/Decomposer_done_tmp}} 
restart
run 500 us
current_wave_config {SignGen_Stage16.wcfg}
add_wave {{/MLDSA_tb/uut/data_path_inst/AG_3/addr_adder}} {{/MLDSA_tb/uut/data_path_inst/AG_3/last_addr}} {{/MLDSA_tb/uut/data_path_inst/AG_3/star_addr}} {{/MLDSA_tb/uut/data_path_inst/AG_3/triger}} {{/MLDSA_tb/uut/data_path_inst/AG_3/pause}} {{/MLDSA_tb/uut/data_path_inst/AG_3/clean}} {{/MLDSA_tb/uut/data_path_inst/AG_3/addr_en}} {{/MLDSA_tb/uut/data_path_inst/AG_3/addr_a}} {{/MLDSA_tb/uut/data_path_inst/AG_3/addr_b}} {{/MLDSA_tb/uut/data_path_inst/AG_3/data_valid}} {{/MLDSA_tb/uut/data_path_inst/AG_3/done}} 
relaunch_sim
run 500 us
run 500 us
save_wave_config {C:/Users/fossu/Desktop/ML_DSA_Syn_new/IMP3/MLDSA/SignGen_Stage17.wcfg}
save_wave_config {C:/Users/fossu/Desktop/ML_DSA_Syn_new/IMP3/MLDSA/SignGen_Stage16.wcfg}
current_wave_config {SignGen_Stage17.wcfg}
add_wave {{/MLDSA_tb/uut/data_path_inst/z_fail}} 
current_wave_config {SignGen_Stage17.wcfg}
add_wave {{/MLDSA_tb/uut/data_path_inst/r0_fail}} 
restart
run 500 us
open_wave_config {C:/Users/fossu/Desktop/ML_DSA_Syn_new/IMP3/MLDSA/SignGen_Stage15.wcfg}
current_wave_config {SignGen_Stage15.wcfg}
add_wave {{/MLDSA_tb/uut/data_path_inst/z_mod_half_q_a}} {{/MLDSA_tb/uut/data_path_inst/z_a}} {{/MLDSA_tb/uut/data_path_inst/z_fail}} {{/MLDSA_tb/uut/data_path_inst/z_mod_half_q_b}} {{/MLDSA_tb/uut/data_path_inst/z_b}} 
restart
run 500 us
save_wave_config {C:/Users/fossu/Desktop/ML_DSA_Syn_new/IMP3/MLDSA/SignGen_Stage10.wcfg}
open_wave_config {C:/Users/fossu/Desktop/ML_DSA_Syn_new/IMP3/MLDSA/SignGen_Stage12.wcfg}
open_wave_config {C:/Users/fossu/Desktop/ML_DSA_Syn_new/IMP3/MLDSA/SignGen_Stage13.wcfg}
open_wave_config {C:/Users/fossu/Desktop/ML_DSA_Syn_new/IMP3/MLDSA/SignGen_Stage14.wcfg}
open_wave_config {C:/Users/fossu/Desktop/ML_DSA_Syn_new/IMP3/MLDSA/SignGen_Stage11.wcfg}
restart
run 500 us
save_wave_config {C:/Users/fossu/Desktop/ML_DSA_Syn_new/IMP3/MLDSA/SignGen_Stage11.wcfg}
relaunch_sim
relaunch_sim
run 500 us
save_wave_config {C:/Users/fossu/Desktop/ML_DSA_Syn_new/IMP3/MLDSA/SignGen_Stage12.wcfg}
save_wave_config {C:/Users/fossu/Desktop/ML_DSA_Syn_new/IMP3/MLDSA/SignGen_Stage15.wcfg}
save_wave_config {C:/Users/fossu/Desktop/ML_DSA_Syn_new/IMP3/MLDSA/SignGen_Stage16.wcfg}
save_wave_config {C:/Users/fossu/Desktop/ML_DSA_Syn_new/IMP3/MLDSA/SignGen_Stage7.wcfg}
save_wave_config {C:/Users/fossu/Desktop/ML_DSA_Syn_new/IMP3/MLDSA/SignGen_Stage9.wcfg}
save_wave_config {C:/Users/fossu/Desktop/ML_DSA_Syn_new/IMP3/MLDSA/SignGen_Stage17.wcfg}
close_sim
launch_simulation
open_wave_config C:/Users/fossu/Desktop/ML_DSA_Syn_new/IMP3/MLDSA/MLDSA_tb_behav.wcfg
open_wave_config C:/Users/fossu/Desktop/ML_DSA_Syn_new/IMP3/MLDSA/KeyGen_Stage4.wcfg
open_wave_config C:/Users/fossu/Desktop/ML_DSA_Syn_new/IMP3/MLDSA/KeyGen_Stage5.wcfg
open_wave_config C:/Users/fossu/Desktop/ML_DSA_Syn_new/IMP3/MLDSA/KeyGen_Stage3.wcfg
open_wave_config C:/Users/fossu/Desktop/ML_DSA_Syn_new/IMP3/MLDSA/KeyGen_Stage6.wcfg
open_wave_config C:/Users/fossu/Desktop/ML_DSA_Syn_new/IMP3/MLDSA/KeyGen_Stage8.wcfg
open_wave_config C:/Users/fossu/Desktop/ML_DSA_Syn_new/IMP3/MLDSA/KeyGen_Stage9.wcfg
open_wave_config C:/Users/fossu/Desktop/ML_DSA_Syn_new/IMP3/MLDSA/test_decoder.wcfg
open_wave_config C:/Users/fossu/Desktop/ML_DSA_Syn_new/IMP3/MLDSA/SignGen_Stage2.wcfg
open_wave_config C:/Users/fossu/Desktop/ML_DSA_Syn_new/IMP3/MLDSA/SignGen_Stage3.wcfg
open_wave_config C:/Users/fossu/Desktop/ML_DSA_Syn_new/IMP3/MLDSA/SignGen_Stage4.wcfg
open_wave_config C:/Users/fossu/Desktop/ML_DSA_Syn_new/IMP3/MLDSA/SignGen_Stage7.wcfg
open_wave_config C:/Users/fossu/Desktop/ML_DSA_Syn_new/IMP3/MLDSA/SignGen_Stage8.wcfg
open_wave_config C:/Users/fossu/Desktop/ML_DSA_Syn_new/IMP3/MLDSA/SignGen_Stage9.wcfg
open_wave_config C:/Users/fossu/Desktop/ML_DSA_Syn_new/IMP3/MLDSA/SignGen_Stage10.wcfg
open_wave_config C:/Users/fossu/Desktop/ML_DSA_Syn_new/IMP3/MLDSA/SignGen_Stage11.wcfg
open_wave_config C:/Users/fossu/Desktop/ML_DSA_Syn_new/IMP3/MLDSA/SignGen_Stage12.wcfg
open_wave_config C:/Users/fossu/Desktop/ML_DSA_Syn_new/IMP3/MLDSA/SignGen_Stage13.wcfg
open_wave_config C:/Users/fossu/Desktop/ML_DSA_Syn_new/IMP3/MLDSA/SignGen_Stage14.wcfg
open_wave_config C:/Users/fossu/Desktop/ML_DSA_Syn_new/IMP3/MLDSA/SignGen_Stage15.wcfg
open_wave_config C:/Users/fossu/Desktop/ML_DSA_Syn_new/IMP3/MLDSA/SignGen_Stage16.wcfg
open_wave_config C:/Users/fossu/Desktop/ML_DSA_Syn_new/IMP3/MLDSA/SignGen_Stage17.wcfg
open_wave_config C:/Users/fossu/Desktop/ML_DSA_Syn_new/IMP3/MLDSA/SignGen_Stage18.wcfg
open_wave_config C:/Users/fossu/Desktop/ML_DSA_Syn_new/IMP3/MLDSA/SignGen_rejection.wcfg
open_wave_config C:/Users/fossu/Desktop/ML_DSA_Syn_new/IMP3/MLDSA/SignGen_SendOut.wcfg
open_wave_config C:/Users/fossu/Desktop/ML_DSA_Syn_new/IMP3/MLDSA/Sampler_debug.wcfg
source MLDSA_tb.tcl
relaunch_sim
