#-----------------------------------------------------------
# Vivado v2023.2 (64-bit)
# SW Build 4029153 on Fri Oct 13 20:14:34 MDT 2023
# IP Build 4028589 on Sat Oct 14 00:45:43 MDT 2023
# SharedData Build 4025554 on Tue Oct 10 17:18:54 MDT 2023
# Start of session at: Sat May 17 21:38:32 2025
# Process ID: 22120
# Current directory: C:/Users/USER/Desktop/ML_DSA_syn_new/IMP4/MLDSA
# Command line: vivado.exe -gui_launcher_event rodinguilauncherevent24256 C:\Users\USER\Desktop\ML_DSA_syn_new\IMP4\MLDSA\MLDSA.xpr
# Log file: C:/Users/USER/Desktop/ML_DSA_syn_new/IMP4/MLDSA/vivado.log
# Journal file: C:/Users/USER/Desktop/ML_DSA_syn_new/IMP4/MLDSA\vivado.jou
# Running On: LAPTOP-2P71OMBV, OS: Windows, CPU Frequency: 3194 MHz, CPU Physical cores: 16, Host memory: 16542 MB
#-----------------------------------------------------------
start_gui
open_project C:/Users/USER/Desktop/ML_DSA_syn_new/IMP4/MLDSA/MLDSA.xpr
update_compile_order -fileset sources_1
launch_simulation
open_wave_config C:/Users/USER/Desktop/ML_DSA_syn_new/IMP4/MLDSA/SignVer_Stage1.wcfg
open_wave_config C:/Users/USER/Desktop/ML_DSA_syn_new/IMP4/MLDSA/MLDSA_AXI_Top_tb_behav.wcfg
open_wave_config C:/Users/USER/Desktop/ML_DSA_syn_new/IMP4/MLDSA/SignVer_Stage2.wcfg
open_wave_config C:/Users/USER/Desktop/ML_DSA_syn_new/IMP4/MLDSA/SignVer_Stage3.wcfg
open_wave_config C:/Users/USER/Desktop/ML_DSA_syn_new/IMP4/MLDSA/SignVer_Stage4.wcfg
open_wave_config C:/Users/USER/Desktop/ML_DSA_syn_new/IMP4/MLDSA/SignVer_Stage5.wcfg
open_wave_config C:/Users/USER/Desktop/ML_DSA_syn_new/IMP4/MLDSA/SignVer_Stage6.wcfg
open_wave_config C:/Users/USER/Desktop/ML_DSA_syn_new/IMP4/MLDSA/SignVer_Stage7.wcfg
open_wave_config C:/Users/USER/Desktop/ML_DSA_syn_new/IMP4/MLDSA/SignVer_Stage8.wcfg
open_wave_config C:/Users/USER/Desktop/ML_DSA_syn_new/IMP4/MLDSA/SignVer_Stage9.wcfg
open_wave_config C:/Users/USER/Desktop/ML_DSA_syn_new/IMP4/MLDSA/SignVer_Stage10.wcfg
source MLDSA_AXI_Top_tb.tcl
run 400 us
relaunch_sim
run 400 us
run 400 us
relaunch_sim
run 400 us
run 400 us
relaunch_sim
run 400 us
relaunch_sim
run 400 us
relaunch_sim
run 400 us
relaunch_sim
run 400 us
relaunch_sim
run 400 us
relaunch_sim
run 400 us
run 400 us
relaunch_sim
run 400 us
relaunch_sim
run 400 us
relaunch_sim
run 400 us
run 400 us
relaunch_sim
run 400 us
relaunch_sim
run 400 us
relaunch_sim
run 400 us
relaunch_sim
run 400 us
run 400 us
relaunch_sim
run 400 us
relaunch_sim
run 400 us
relaunch_sim
relaunch_sim
relaunch_sim
run 400 us
relaunch_sim
run 400 us
run 400 us
relaunch_sim
run 400 us
relaunch_sim
run 400 us
relaunch_sim
run 400 us
close_sim
reset_run synth_1
launch_runs synth_1 -jobs 8
wait_on_run synth_1
launch_simulation
open_wave_config C:/Users/USER/Desktop/ML_DSA_syn_new/IMP4/MLDSA/SignVer_Stage1.wcfg
open_wave_config C:/Users/USER/Desktop/ML_DSA_syn_new/IMP4/MLDSA/MLDSA_AXI_Top_tb_behav.wcfg
open_wave_config C:/Users/USER/Desktop/ML_DSA_syn_new/IMP4/MLDSA/SignVer_Stage2.wcfg
open_wave_config C:/Users/USER/Desktop/ML_DSA_syn_new/IMP4/MLDSA/SignVer_Stage3.wcfg
open_wave_config C:/Users/USER/Desktop/ML_DSA_syn_new/IMP4/MLDSA/SignVer_Stage4.wcfg
open_wave_config C:/Users/USER/Desktop/ML_DSA_syn_new/IMP4/MLDSA/SignVer_Stage5.wcfg
open_wave_config C:/Users/USER/Desktop/ML_DSA_syn_new/IMP4/MLDSA/SignVer_Stage6.wcfg
open_wave_config C:/Users/USER/Desktop/ML_DSA_syn_new/IMP4/MLDSA/SignVer_Stage7.wcfg
open_wave_config C:/Users/USER/Desktop/ML_DSA_syn_new/IMP4/MLDSA/SignVer_Stage8.wcfg
open_wave_config C:/Users/USER/Desktop/ML_DSA_syn_new/IMP4/MLDSA/SignVer_Stage9.wcfg
open_wave_config C:/Users/USER/Desktop/ML_DSA_syn_new/IMP4/MLDSA/SignVer_Stage10.wcfg
source MLDSA_AXI_Top_tb.tcl
run 400 us
relaunch_sim
run 400 us
relaunch_sim
run 800 us
relaunch_sim
relaunch_sim
run 800 us
relaunch_sim
run 800 us
relaunch_sim
relaunch_sim
relaunch_sim
run 800 us
run 800 us
current_wave_config {Untitled 1}
add_wave {{/MLDSA_AXI_Top_tb/DUT/AXI4_Lite_Slave_/main_mode}} 
restart
run 800 us
current_wave_config {Untitled 1}
add_wave {{/MLDSA_AXI_Top_tb/DUT/AXI4_Lite_Slave_/curr_state}} {{/MLDSA_AXI_Top_tb/DUT/AXI4_Lite_Slave_/next_state}} 
restart
run 800 us
relaunch_sim
run 800 us
relaunch_sim
run 800 us
relaunch_sim
run 800 us
close_sim
reset_run synth_1
launch_runs synth_1 -jobs 16
wait_on_run synth_1
