#-----------------------------------------------------------
# Vivado v2023.2 (64-bit)
# SW Build 4029153 on Fri Oct 13 20:14:34 MDT 2023
# IP Build 4028589 on Sat Oct 14 00:45:43 MDT 2023
# SharedData Build 4025554 on Tue Oct 10 17:18:54 MDT 2023
# Start of session at: Sat Jan 25 18:52:55 2025
# Process ID: 27764
# Current directory: C:/Users/USER/Desktop/ML_DSA_syn/IMP/SHA3_imp/Sampler
# Command line: vivado.exe -gui_launcher_event rodinguilauncherevent11376 C:\Users\USER\Desktop\ML_DSA_syn\IMP\SHA3_imp\Sampler\Sampler.xpr
# Log file: C:/Users/USER/Desktop/ML_DSA_syn/IMP/SHA3_imp/Sampler/vivado.log
# Journal file: C:/Users/USER/Desktop/ML_DSA_syn/IMP/SHA3_imp/Sampler\vivado.jou
# Running On: LAPTOP-2P71OMBV, OS: Windows, CPU Frequency: 3194 MHz, CPU Physical cores: 16, Host memory: 16542 MB
#-----------------------------------------------------------sstart_guiopen_project C:/Users/USER/Desktop/ML_DSA_syn/IMP/SHA3_imp/Sampler/Sampler.xpr
update_compile_ordeopen_wave_config C:/Users/USER/Desktop/ML_DSA_syn/IMP/SHA3_imp/Sampler/tb_Sampler_behav.wcfg
source Sampler_tb.tcl
update_compile_order -fileset sources_1
run 10 us
relaunch_sim
run 10 us
restart
run 10 us
close_sim
